<html>
<body>
<pre>
<h1>µVision3 Build Log</h1>
<h2>Project:</h2>
C:\Documents and Settings\Administrator\×ÀÃæ\2\STM32-FSMC-TFT.uv2
Project File Date:  01/08/2011

<h2>Output:</h2>
Build target 'STM32_FSMC_TFT_9325'
compiling stm32f10x_it.c...
compiling lcd.c...
compiling picture.c...
compiling arm79_logo.c...
compiling main.c...
compiling touch.c...
compiling SPI_Flash.c...
assembling cortexm3_macro.s...
assembling stm32f10x_vector.s...
compiling stm32f10x_adc.c...
compiling stm32f10x_bkp.c...
compiling stm32f10x_can.c...
compiling stm32f10x_crc.c...
compiling stm32f10x_dac.c...
compiling stm32f10x_dbgmcu.c...
compiling stm32f10x_dma.c...
compiling stm32f10x_exti.c...
compiling stm32f10x_flash.c...
compiling stm32f10x_fsmc.c...
compiling stm32f10x_gpio.c...
compiling stm32f10x_i2c.c...
compiling stm32f10x_iwdg.c...
compiling stm32f10x_lib.c...
compiling stm32f10x_nvic.c...
compiling stm32f10x_pwr.c...
compiling stm32f10x_rcc.c...
compiling stm32f10x_rtc.c...
compiling stm32f10x_sdio.c...
compiling stm32f10x_spi.c...
compiling stm32f10x_systick.c...
compiling stm32f10x_tim.c...
compiling stm32f10x_usart.c...
compiling stm32f10x_wwdg.c...
linking...
Program Size: Code=19094 RO-data=312118 RW-data=92 ZI-data=2188  
FromELF: creating hex file...
".\Obj\STM32_FSMC_TFT_9325.axf" - 0 Error(s), 0 Warning(s).
Build target 'STM32_FSMC_TFT_9325'
compiling stm32f10x_it.c...
compiling lcd.c...
User\lcd.c(1022): error:  #20: identifier "gImage_11" is undefined
compiling picture.c...
compiling arm79_logo.c...
compiling main.c...
compiling touch.c...
compiling SPI_Flash.c...
assembling cortexm3_macro.s...
assembling stm32f10x_vector.s...
compiling stm32f10x_adc.c...
compiling stm32f10x_bkp.c...
compiling stm32f10x_can.c...
compiling stm32f10x_crc.c...
compiling stm32f10x_dac.c...
compiling stm32f10x_dbgmcu.c...
compiling stm32f10x_dma.c...
compiling stm32f10x_exti.c...
compiling stm32f10x_flash.c...
compiling stm32f10x_fsmc.c...
compiling stm32f10x_gpio.c...
compiling stm32f10x_i2c.c...
compiling stm32f10x_iwdg.c...
compiling stm32f10x_lib.c...
compiling stm32f10x_nvic.c...
compiling stm32f10x_pwr.c...
compiling stm32f10x_rcc.c...
compiling stm32f10x_rtc.c...
compiling stm32f10x_sdio.c...
compiling stm32f10x_spi.c...
compiling stm32f10x_systick.c...
compiling stm32f10x_tim.c...
compiling stm32f10x_usart.c...
compiling stm32f10x_wwdg.c...
Target not created
Build target 'STM32_FSMC_TFT_9325'
compiling stm32f10x_it.c...
compiling lcd.c...
User\lcd.c(1046): error:  #20: identifier "gImage_111" is undefined
User\lcd.c(1064): error:  #20: identifier "gImage_11" is undefined
compiling picture.c...
compiling arm79_logo.c...
compiling main.c...
compiling touch.c...
compiling SPI_Flash.c...
assembling cortexm3_macro.s...
assembling stm32f10x_vector.s...
compiling stm32f10x_adc.c...
compiling stm32f10x_bkp.c...
compiling stm32f10x_can.c...
compiling stm32f10x_crc.c...
compiling stm32f10x_dac.c...
compiling stm32f10x_dbgmcu.c...
compiling stm32f10x_dma.c...
compiling stm32f10x_exti.c...
compiling stm32f10x_flash.c...
compiling stm32f10x_fsmc.c...
compiling stm32f10x_gpio.c...
compiling stm32f10x_i2c.c...
compiling stm32f10x_iwdg.c...
compiling stm32f10x_lib.c...
compiling stm32f10x_nvic.c...
compiling stm32f10x_pwr.c...
compiling stm32f10x_rcc.c...
compiling stm32f10x_rtc.c...
compiling stm32f10x_sdio.c...
compiling stm32f10x_spi.c...
compiling stm32f10x_systick.c...
compiling stm32f10x_tim.c...
compiling stm32f10x_usart.c...
compiling stm32f10x_wwdg.c...
Target not created
Build target 'STM32_FSMC_TFT_9325'
compiling stm32f10x_it.c...
User\stm32f10x_it.c(248): warning:  #223-D: function "Delay" declared implicitly
User\stm32f10x_it.c(268): warning:  #223-D: function "Delay" declared implicitly
compiling lcd.c...
compiling picture.c...
compiling arm79_logo.c...
compiling main.c...
compiling touch.c...
compiling SPI_Flash.c...
assembling cortexm3_macro.s...
assembling stm32f10x_vector.s...
compiling stm32f10x_adc.c...
compiling stm32f10x_bkp.c...
compiling stm32f10x_can.c...
compiling stm32f10x_crc.c...
compiling stm32f10x_dac.c...
compiling stm32f10x_dbgmcu.c...
compiling stm32f10x_dma.c...
compiling stm32f10x_exti.c...
compiling stm32f10x_flash.c...
compiling stm32f10x_fsmc.c...
compiling stm32f10x_gpio.c...
compiling stm32f10x_i2c.c...
compiling stm32f10x_iwdg.c...
compiling stm32f10x_lib.c...
compiling stm32f10x_nvic.c...
compiling stm32f10x_pwr.c...
compiling stm32f10x_rcc.c...
compiling stm32f10x_rtc.c...
compiling stm32f10x_sdio.c...
compiling stm32f10x_spi.c...
compiling stm32f10x_systick.c...
compiling stm32f10x_tim.c...
compiling stm32f10x_usart.c...
compiling stm32f10x_wwdg.c...
linking...
.\Obj\STM32_FSMC_TFT_9325.axf: Error: L6218E: Undefined symbol Delay (referred from stm32f10x_it.o).
Target not created
Build target 'STM32_FSMC_TFT_9325'
compiling stm32f10x_it.c...
compiling lcd.c...
compiling picture.c...
compiling arm79_logo.c...
compiling main.c...
compiling touch.c...
compiling SPI_Flash.c...
assembling cortexm3_macro.s...
assembling stm32f10x_vector.s...
compiling stm32f10x_adc.c...
compiling stm32f10x_bkp.c...
compiling stm32f10x_can.c...
compiling stm32f10x_crc.c...
compiling stm32f10x_dac.c...
compiling stm32f10x_dbgmcu.c...
compiling stm32f10x_dma.c...
compiling stm32f10x_exti.c...
compiling stm32f10x_flash.c...
compiling stm32f10x_fsmc.c...
compiling stm32f10x_gpio.c...
compiling stm32f10x_i2c.c...
compiling stm32f10x_iwdg.c...
compiling stm32f10x_lib.c...
compiling stm32f10x_nvic.c...
compiling stm32f10x_pwr.c...
compiling stm32f10x_rcc.c...
compiling stm32f10x_rtc.c...
compiling stm32f10x_sdio.c...
compiling stm32f10x_spi.c...
compiling stm32f10x_systick.c...
compiling stm32f10x_tim.c...
compiling stm32f10x_usart.c...
compiling stm32f10x_wwdg.c...
linking...
.\Obj\STM32_FSMC_TFT_9325.axf: Error: L6218E: Undefined symbol Delay (referred from stm32f10x_it.o).
Target not created
Build target 'STM32_FSMC_TFT_9325'
linking...
.\Obj\STM32_FSMC_TFT_9325.axf: Error: L6218E: Undefined symbol Delay (referred from stm32f10x_it.o).
Target not created
Build target 'STM32_FSMC_TFT_9325'
compiling stm32f10x_it.c...
linking...
.\Obj\STM32_FSMC_TFT_9325.axf: Error: L6218E: Undefined symbol Delay (referred from stm32f10x_it.o).
Target not created
Build target 'STM32_FSMC_TFT_9325'
compiling lcd.c...
linking...
.\Obj\STM32_FSMC_TFT_9325.axf: Error: L6218E: Undefined symbol Delay (referred from stm32f10x_it.o).
Target not created
Build target 'STM32_FSMC_TFT_9325'
compiling stm32f10x_it.c...
compiling lcd.c...
compiling picture.c...
compiling arm79_logo.c...
compiling main.c...
compiling touch.c...
compiling SPI_Flash.c...
assembling cortexm3_macro.s...
assembling stm32f10x_vector.s...
compiling stm32f10x_adc.c...
compiling stm32f10x_bkp.c...
compiling stm32f10x_can.c...
compiling stm32f10x_crc.c...
compiling stm32f10x_dac.c...
compiling stm32f10x_dbgmcu.c...
compiling stm32f10x_dma.c...
compiling stm32f10x_exti.c...
compiling stm32f10x_flash.c...
compiling stm32f10x_fsmc.c...
compiling stm32f10x_gpio.c...
compiling stm32f10x_i2c.c...
compiling stm32f10x_iwdg.c...
compiling stm32f10x_lib.c...
compiling stm32f10x_nvic.c...
compiling stm32f10x_pwr.c...
compiling stm32f10x_rcc.c...
compiling stm32f10x_rtc.c...
compiling stm32f10x_sdio.c...
compiling stm32f10x_spi.c...
compiling stm32f10x_systick.c...
compiling stm32f10x_tim.c...
compiling stm32f10x_usart.c...
compiling stm32f10x_wwdg.c...
linking...
.\Obj\STM32_FSMC_TFT_9325.axf: Error: L6218E: Undefined symbol Delay (referred from stm32f10x_it.o).
Target not created
Build target 'STM32_FSMC_TFT_9325'
compiling stm32f10x_it.c...
linking...
.\Obj\STM32_FSMC_TFT_9325.axf: Error: L6218E: Undefined symbol Delay (referred from stm32f10x_it.o).
Target not created
Build target 'STM32_FSMC_TFT_9325'
compiling stm32f10x_it.c...
compiling lcd.c...
compiling main.c...
compiling touch.c...
linking...
.\Obj\STM32_FSMC_TFT_9325.axf: Error: L6218E: Undefined symbol Delay (referred from stm32f10x_it.o).
Target not created
Build target 'STM32_FSMC_TFT_9325'
compiling stm32f10x_it.c...
linking...
.\Obj\STM32_FSMC_TFT_9325.axf: Error: L6218E: Undefined symbol Delay (referred from stm32f10x_it.o).
Target not created
Build target 'STM32_FSMC_TFT_9325'
compiling stm32f10x_it.c...
linking...
.\Obj\STM32_FSMC_TFT_9325.axf: Error: L6218E: Undefined symbol Delay (referred from stm32f10x_it.o).
Target not created
Build target 'STM32_FSMC_TFT_9325'
linking...
.\Obj\STM32_FSMC_TFT_9325.axf: Error: L6218E: Undefined symbol Delay (referred from stm32f10x_it.o).
Target not created
Build target 'STM32_FSMC_TFT_9325'
compiling main.c...
linking...
.\Obj\STM32_FSMC_TFT_9325.axf: Error: L6200E: Symbol X multiply defined (by touch.o and stm32f10x_it.o).
Target not created
Build target 'STM32_FSMC_TFT_9325'
compiling stm32f10x_it.c...
linking...
Program Size: Code=19438 RO-data=456118 RW-data=104 ZI-data=2192  
FromELF: creating hex file...
".\Obj\STM32_FSMC_TFT_9325.axf" - 0 Error(s), 0 Warning(s).
Build target 'STM32_FSMC_TFT_9325'
compiling stm32f10x_it.c...
compiling lcd.c...
compiling picture.c...
compiling arm79_logo.c...
compiling main.c...
compiling touch.c...
compiling SPI_Flash.c...
assembling cortexm3_macro.s...
assembling stm32f10x_vector.s...
compiling stm32f10x_adc.c...
compiling stm32f10x_bkp.c...
compiling stm32f10x_can.c...
compiling stm32f10x_crc.c...
compiling stm32f10x_dac.c...
compiling stm32f10x_dbgmcu.c...
compiling stm32f10x_dma.c...
compiling stm32f10x_exti.c...
compiling stm32f10x_flash.c...
compiling stm32f10x_fsmc.c...
compiling stm32f10x_gpio.c...
compiling stm32f10x_i2c.c...
compiling stm32f10x_iwdg.c...
compiling stm32f10x_lib.c...
compiling stm32f10x_nvic.c...
compiling stm32f10x_pwr.c...
compiling stm32f10x_rcc.c...
compiling stm32f10x_rtc.c...
compiling stm32f10x_sdio.c...
compiling stm32f10x_spi.c...
compiling stm32f10x_systick.c...
compiling stm32f10x_tim.c...
compiling stm32f10x_usart.c...
compiling stm32f10x_wwdg.c...
linking...
Program Size: Code=19438 RO-data=456118 RW-data=104 ZI-data=2192  
FromELF: creating hex file...
".\Obj\STM32_FSMC_TFT_9325.axf" - 0 Error(s), 0 Warning(s).
Build target 'STM32_FSMC_TFT_9325'
compiling stm32f10x_it.c...
compiling lcd.c...
compiling picture.c...
compiling arm79_logo.c...
compiling main.c...
compiling touch.c...
compiling SPI_Flash.c...
assembling cortexm3_macro.s...
assembling stm32f10x_vector.s...
compiling stm32f10x_adc.c...
compiling stm32f10x_bkp.c...
compiling stm32f10x_can.c...
compiling stm32f10x_crc.c...
compiling stm32f10x_dac.c...
compiling stm32f10x_dbgmcu.c...
compiling stm32f10x_dma.c...
compiling stm32f10x_exti.c...
compiling stm32f10x_flash.c...
compiling stm32f10x_fsmc.c...
compiling stm32f10x_gpio.c...
compiling stm32f10x_i2c.c...
compiling stm32f10x_iwdg.c...
compiling stm32f10x_lib.c...
compiling stm32f10x_nvic.c...
compiling stm32f10x_pwr.c...
compiling stm32f10x_rcc.c...
compiling stm32f10x_rtc.c...
compiling stm32f10x_sdio.c...
compiling stm32f10x_spi.c...
compiling stm32f10x_systick.c...
compiling stm32f10x_tim.c...
compiling stm32f10x_usart.c...
compiling stm32f10x_wwdg.c...
linking...
Program Size: Code=19486 RO-data=456118 RW-data=104 ZI-data=2192  
FromELF: creating hex file...
".\Obj\STM32_FSMC_TFT_9325.axf" - 0 Error(s), 0 Warning(s).
Build target 'STM32_FSMC_TFT_9325'
compiling stm32f10x_it.c...
compiling lcd.c...
compiling picture.c...
compiling arm79_logo.c...
compiling main.c...
compiling touch.c...
compiling SPI_Flash.c...
assembling cortexm3_macro.s...
assembling stm32f10x_vector.s...
compiling stm32f10x_adc.c...
compiling stm32f10x_bkp.c...
compiling stm32f10x_can.c...
compiling stm32f10x_crc.c...
compiling stm32f10x_dac.c...
compiling stm32f10x_dbgmcu.c...
compiling stm32f10x_dma.c...
compiling stm32f10x_exti.c...
compiling stm32f10x_flash.c...
compiling stm32f10x_fsmc.c...
compiling stm32f10x_gpio.c...
compiling stm32f10x_i2c.c...
compiling stm32f10x_iwdg.c...
compiling stm32f10x_lib.c...
compiling stm32f10x_nvic.c...
compiling stm32f10x_pwr.c...
compiling stm32f10x_rcc.c...
compiling stm32f10x_rtc.c...
compiling stm32f10x_sdio.c...
compiling stm32f10x_spi.c...
compiling stm32f10x_systick.c...
compiling stm32f10x_tim.c...
compiling stm32f10x_usart.c...
compiling stm32f10x_wwdg.c...
linking...
Program Size: Code=19486 RO-data=456118 RW-data=104 ZI-data=2192  
FromELF: creating hex file...
".\Obj\STM32_FSMC_TFT_9325.axf" - 0 Error(s), 0 Warning(s).
Build target 'STM32_FSMC_TFT_9325'
compiling stm32f10x_it.c...
compiling lcd.c...
compiling picture.c...
compiling arm79_logo.c...
compiling main.c...
compiling touch.c...
compiling SPI_Flash.c...
assembling cortexm3_macro.s...
assembling stm32f10x_vector.s...
compiling stm32f10x_adc.c...
compiling stm32f10x_bkp.c...
compiling stm32f10x_can.c...
compiling stm32f10x_crc.c...
compiling stm32f10x_dac.c...
compiling stm32f10x_dbgmcu.c...
compiling stm32f10x_dma.c...
compiling stm32f10x_exti.c...
compiling stm32f10x_flash.c...
compiling stm32f10x_fsmc.c...
compiling stm32f10x_gpio.c...
compiling stm32f10x_i2c.c...
compiling stm32f10x_iwdg.c...
compiling stm32f10x_lib.c...
compiling stm32f10x_nvic.c...
compiling stm32f10x_pwr.c...
compiling stm32f10x_rcc.c...
compiling stm32f10x_rtc.c...
compiling stm32f10x_sdio.c...
compiling stm32f10x_spi.c...
compiling stm32f10x_systick.c...
compiling stm32f10x_tim.c...
compiling stm32f10x_usart.c...
compiling stm32f10x_wwdg.c...
linking...
Program Size: Code=19486 RO-data=465718 RW-data=104 ZI-data=2192  
FromELF: creating hex file...
".\Obj\STM32_FSMC_TFT_9325.axf" - 0 Error(s), 0 Warning(s).
Build target 'STM32_FSMC_TFT_9325'
compiling stm32f10x_it.c...
compiling lcd.c...
compiling picture.c...
compiling arm79_logo.c...
compiling main.c...
compiling touch.c...
compiling SPI_Flash.c...
assembling cortexm3_macro.s...
assembling stm32f10x_vector.s...
compiling stm32f10x_adc.c...
compiling stm32f10x_bkp.c...
compiling stm32f10x_can.c...
compiling stm32f10x_crc.c...
compiling stm32f10x_dac.c...
compiling stm32f10x_dbgmcu.c...
compiling stm32f10x_dma.c...
compiling stm32f10x_exti.c...
compiling stm32f10x_flash.c...
compiling stm32f10x_fsmc.c...
compiling stm32f10x_gpio.c...
compiling stm32f10x_i2c.c...
compiling stm32f10x_iwdg.c...
compiling stm32f10x_lib.c...
compiling stm32f10x_nvic.c...
compiling stm32f10x_pwr.c...
compiling stm32f10x_rcc.c...
compiling stm32f10x_rtc.c...
compiling stm32f10x_sdio.c...
compiling stm32f10x_spi.c...
compiling stm32f10x_systick.c...
compiling stm32f10x_tim.c...
compiling stm32f10x_usart.c...
compiling stm32f10x_wwdg.c...
linking...
Program Size: Code=19486 RO-data=465718 RW-data=104 ZI-data=2192  
FromELF: creating hex file...
".\Obj\STM32_FSMC_TFT_9325.axf" - 0 Error(s), 0 Warning(s).
Build target 'STM32_FSMC_TFT_9325'
compiling stm32f10x_it.c...
compiling lcd.c...
compiling picture.c...
compiling arm79_logo.c...
compiling main.c...
compiling touch.c...
compiling SPI_Flash.c...
assembling cortexm3_macro.s...
assembling stm32f10x_vector.s...
compiling stm32f10x_adc.c...
compiling stm32f10x_bkp.c...
compiling stm32f10x_can.c...
compiling stm32f10x_crc.c...
compiling stm32f10x_dac.c...
compiling stm32f10x_dbgmcu.c...
compiling stm32f10x_dma.c...
compiling stm32f10x_exti.c...
compiling stm32f10x_flash.c...
compiling stm32f10x_fsmc.c...
compiling stm32f10x_gpio.c...
compiling stm32f10x_i2c.c...
compiling stm32f10x_iwdg.c...
compiling stm32f10x_lib.c...
compiling stm32f10x_nvic.c...
compiling stm32f10x_pwr.c...
compiling stm32f10x_rcc.c...
compiling stm32f10x_rtc.c...
compiling stm32f10x_sdio.c...
compiling stm32f10x_spi.c...
compiling stm32f10x_systick.c...
compiling stm32f10x_tim.c...
compiling stm32f10x_usart.c...
compiling stm32f10x_wwdg.c...
linking...
Program Size: Code=19522 RO-data=465718 RW-data=104 ZI-data=2192  
FromELF: creating hex file...
".\Obj\STM32_FSMC_TFT_9325.axf" - 0 Error(s), 0 Warning(s).
Load "C:\\Documents and Settings\\Administrator\\×ÀÃæ\\2\\Obj\\STM32_FSMC_TFT_9325.AXF" 

JLink info:
-----------
DLL: V4.08b, compiled Jun 30 2009 19:10:31
Firmware: J-Link ARM V8 compiled Dec  1 2015 11:42:48
Hardware: V8.00
S/N : 20080643 
Feature(s) : RDI,FlashDL,FlashBP,JFlash,GDBFull 
---
* JLink Info: TotalIRLen = 9, IRPrint = 0x0011
* JLink Info: Found Cortex-M3 r1p1, Little endian.
* JLink Info: TPIU fitted.
* JLink Info: ETM fitted.
* JLink Info:   FPUnit: 6 code (BP) slots and 2 literal slots

Target info:
------------
Device: STM32F103VE
VTarget = 3.319V
State of Pins: 
TCK: 1, TDI: 0, TDO: 1, TMS: 0, TRES: 1, TRST: 1
* JLink Info: TotalIRLen = 9, IRPrint = 0x0011
* JLink Info: Found Cortex-M3 r1p1, Little endian.
* JLink Info: TPIU fitted.
* JLink Info: ETM fitted.
* JLink Info:   FPUnit: 6 code (BP) slots and 2 literal slots
Hardware-Breakpoints: 6
Software-Breakpoints: 2048
Watchpoints:          4
JTAG speed: 2000 kHz
---
* JLink Info: TotalIRLen = 9, IRPrint = 0x0011
* JLink Info: Found Cortex-M3 r1p1, Little endian.
* JLink Info: TPIU fitted.
* JLink Info: ETM fitted.
* JLink Info:   FPUnit: 6 code (BP) slots and 2 literal slots
Erase Done.
Programming Done.
Verify OK.
Build target 'STM32_FSMC_TFT_9325'
compiling stm32f10x_it.c...
compiling lcd.c...
compiling picture.c...
compiling arm79_logo.c...
compiling main.c...
compiling touch.c...
compiling SPI_Flash.c...
assembling cortexm3_macro.s...
assembling stm32f10x_vector.s...
compiling stm32f10x_adc.c...
compiling stm32f10x_bkp.c...
compiling stm32f10x_can.c...
compiling stm32f10x_crc.c...
compiling stm32f10x_dac.c...
compiling stm32f10x_dbgmcu.c...
compiling stm32f10x_dma.c...
compiling stm32f10x_exti.c...
compiling stm32f10x_flash.c...
compiling stm32f10x_fsmc.c...
compiling stm32f10x_gpio.c...
compiling stm32f10x_i2c.c...
compiling stm32f10x_iwdg.c...
compiling stm32f10x_lib.c...
compiling stm32f10x_nvic.c...
compiling stm32f10x_pwr.c...
compiling stm32f10x_rcc.c...
compiling stm32f10x_rtc.c...
compiling stm32f10x_sdio.c...
compiling stm32f10x_spi.c...
compiling stm32f10x_systick.c...
compiling stm32f10x_tim.c...
compiling stm32f10x_usart.c...
compiling stm32f10x_wwdg.c...
linking...
Program Size: Code=19518 RO-data=465718 RW-data=104 ZI-data=2192  
FromELF: creating hex file...
".\Obj\STM32_FSMC_TFT_9325.axf" - 0 Error(s), 0 Warning(s).
Load "C:\\Documents and Settings\\Administrator\\×ÀÃæ\\2\\Obj\\STM32_FSMC_TFT_9325.AXF" 

JLink info:
-----------
DLL: V4.08b, compiled Jun 30 2009 19:10:31
Firmware: J-Link ARM V8 compiled Dec  1 2015 11:42:48
Hardware: V8.00
S/N : 20080643 
Feature(s) : RDI,FlashDL,FlashBP,JFlash,GDBFull 
---
* JLink Info: TotalIRLen = 9, IRPrint = 0x0011
* JLink Info: Found Cortex-M3 r1p1, Little endian.
* JLink Info: TPIU fitted.
* JLink Info: ETM fitted.
* JLink Info:   FPUnit: 6 code (BP) slots and 2 literal slots

Target info:
------------
Device: STM32F103VE
VTarget = 3.326V
State of Pins: 
TCK: 1, TDI: 0, TDO: 1, TMS: 0, TRES: 1, TRST: 1
* JLink Info: TotalIRLen = 9, IRPrint = 0x0011
* JLink Info: Found Cortex-M3 r1p1, Little endian.
* JLink Info: TPIU fitted.
* JLink Info: ETM fitted.
* JLink Info:   FPUnit: 6 code (BP) slots and 2 literal slots
Hardware-Breakpoints: 6
Software-Breakpoints: 2048
Watchpoints:          4
JTAG speed: 2000 kHz
---
* JLink Info: TotalIRLen = 9, IRPrint = 0x0011
* JLink Info: Found Cortex-M3 r1p1, Little endian.
* JLink Info: TPIU fitted.
* JLink Info: ETM fitted.
* JLink Info:   FPUnit: 6 code (BP) slots and 2 literal slots
Erase Done.
Programming Done.
Verify OK.
Build target 'STM32_FSMC_TFT_9325'
compiling stm32f10x_it.c...
compiling lcd.c...
compiling picture.c...
compiling arm79_logo.c...
compiling main.c...
compiling touch.c...
compiling SPI_Flash.c...
assembling cortexm3_macro.s...
assembling stm32f10x_vector.s...
compiling stm32f10x_adc.c...
compiling stm32f10x_bkp.c...
compiling stm32f10x_can.c...
compiling stm32f10x_crc.c...
compiling stm32f10x_dac.c...
compiling stm32f10x_dbgmcu.c...
compiling stm32f10x_dma.c...
compiling stm32f10x_exti.c...
compiling stm32f10x_flash.c...
compiling stm32f10x_fsmc.c...
compiling stm32f10x_gpio.c...
compiling stm32f10x_i2c.c...
compiling stm32f10x_iwdg.c...
compiling stm32f10x_lib.c...
compiling stm32f10x_nvic.c...
compiling stm32f10x_pwr.c...
compiling stm32f10x_rcc.c...
compiling stm32f10x_rtc.c...
compiling stm32f10x_sdio.c...
compiling stm32f10x_spi.c...
compiling stm32f10x_systick.c...
compiling stm32f10x_tim.c...
compiling stm32f10x_usart.c...
compiling stm32f10x_wwdg.c...
linking...
Program Size: Code=19518 RO-data=465718 RW-data=104 ZI-data=2192  
FromELF: creating hex file...
".\Obj\STM32_FSMC_TFT_9325.axf" - 0 Error(s), 0 Warning(s).
