ARM Linker, RVCT4.0 [Build 524] for uVision [Standard]

==============================================================================

Section Cross References

    stm32f10x_it.o(.text) refers to stm32f10x_exti.o(.text) for EXTI_GetITStatus
    stm32f10x_it.o(.text) refers to main.o(.text) for Delay
    stm32f10x_it.o(.text) refers to stm32f10x_gpio.o(.text) for GPIO_ResetBits
    stm32f10x_it.o(.text) refers to lcd.o(.data) for num
    stm32f10x_it.o(.text) refers to touch.o(.bss) for Pen_Point
    lcd.o(.text) refers to stm32f10x_rcc.o(.text) for RCC_APB2PeriphClockCmd
    lcd.o(.text) refers to stm32f10x_gpio.o(.text) for GPIO_Init
    lcd.o(.text) refers to lcd.o(.data) for .data
    lcd.o(.text) refers to lcd.o(.constdata) for ASCII_Table
    main.o(.text) refers to stm32f10x_nvic.o(.text) for NVIC_PriorityGroupConfig
    main.o(.text) refers to stm32f10x_gpio.o(.text) for GPIO_EXTILineConfig
    main.o(.text) refers to stm32f10x_exti.o(.text) for EXTI_Init
    main.o(.text) refers to stm32f10x_fsmc.o(.text) for FSMC_NORSRAMInit
    main.o(.text) refers to stm32f10x_rcc.o(.text) for RCC_APB2PeriphClockCmd
    main.o(.text) refers to touch.o(.text) for delay_init
    main.o(.text) refers to spi_flash.o(.text) for SPI_Flash_Init
    main.o(.text) refers to lcd.o(.text) for LCD_Setup
    main.o(.text) refers to stm32f10x_tim.o(.text) for TIM_DeInit
    main.o(.text) refers to main.o(.data) for EXTI_InitStructure
    main.o(.text) refers to main.o(.bss) for TIM_TimeBaseStructure
    touch.o(.text) refers to spi_flash.o(.text) for SPI_Flash_SendByte
    touch.o(.text) refers to stm32f10x_gpio.o(.text) for GPIO_ReadInputDataBit
    touch.o(.text) refers to touch.o(.data) for .data
    touch.o(.text) refers to touch.o(.bss) for Pen_Point
    touch.o(.text) refers to feqf.o(x$fpl$feqf) for __aeabi_cfcmpeq
    touch.o(.text) refers to fflt_clz.o(x$fpl$fflt) for __aeabi_i2f
    touch.o(.text) refers to fflt_clz.o(x$fpl$ffltu) for __aeabi_ui2f
    touch.o(.text) refers to fmul.o(x$fpl$fmul) for __aeabi_fmul
    touch.o(.text) refers to faddsub_clz.o(x$fpl$fadd) for __aeabi_fadd
    touch.o(.text) refers to ffixu.o(x$fpl$ffixu) for __aeabi_f2uiz
    touch.o(.text) refers to lcd.o(.text) for LCD_Clear
    touch.o(.text) refers to dflt_clz.o(x$fpl$dfltu) for __aeabi_ui2d
    touch.o(.text) refers to sqrt.o(i.sqrt) for sqrt
    touch.o(.text) refers to dfixu.o(x$fpl$dfixu) for __aeabi_d2uiz
    touch.o(.text) refers to fdiv.o(x$fpl$fdiv) for __aeabi_fdiv
    touch.o(.text) refers to f2d.o(x$fpl$f2d) for __aeabi_f2d
    touch.o(.text) refers to dleqf.o(x$fpl$dleqf) for __aeabi_cdcmple
    touch.o(.text) refers to drleqf.o(x$fpl$drleqf) for __aeabi_cdrcmple
    touch.o(.text) refers to faddsub_clz.o(x$fpl$frsb) for __aeabi_frsub
    touch.o(.text) refers to ffix.o(x$fpl$ffix) for __aeabi_f2iz
    spi_flash.o(.text) refers to stm32f10x_rcc.o(.text) for RCC_APB2PeriphClockCmd
    spi_flash.o(.text) refers to stm32f10x_gpio.o(.text) for GPIO_Init
    spi_flash.o(.text) refers to stm32f10x_spi.o(.text) for SPI_Init
    stm32f10x_vector.o(STACK) refers (Special) to heapauxi.o(.text) for __use_two_region_memory
    stm32f10x_vector.o(HEAP) refers (Special) to heapauxi.o(.text) for __use_two_region_memory
    stm32f10x_vector.o(RESET) refers (Special) to heapauxi.o(.text) for __use_two_region_memory
    stm32f10x_vector.o(RESET) refers to stm32f10x_vector.o(STACK) for __initial_sp
    stm32f10x_vector.o(RESET) refers to stm32f10x_vector.o(.text) for Reset_Handler
    stm32f10x_vector.o(RESET) refers to stm32f10x_it.o(.text) for NMIException
    stm32f10x_vector.o(.text) refers (Special) to heapauxi.o(.text) for __use_two_region_memory
    stm32f10x_vector.o(.text) refers to __main.o(!!!main) for __main
    stm32f10x_vector.o(.text) refers to stm32f10x_vector.o(HEAP) for Heap_Mem
    stm32f10x_vector.o(.text) refers to stm32f10x_vector.o(STACK) for Stack_Mem
    stm32f10x_adc.o(.text) refers to stm32f10x_rcc.o(.text) for RCC_APB2PeriphResetCmd
    stm32f10x_bkp.o(.text) refers to stm32f10x_rcc.o(.text) for RCC_BackupResetCmd
    stm32f10x_can.o(.text) refers to stm32f10x_rcc.o(.text) for RCC_APB1PeriphResetCmd
    stm32f10x_dac.o(.text) refers to stm32f10x_rcc.o(.text) for RCC_APB1PeriphResetCmd
    stm32f10x_gpio.o(.text) refers to stm32f10x_rcc.o(.text) for RCC_APB2PeriphResetCmd
    stm32f10x_i2c.o(.text) refers to stm32f10x_rcc.o(.text) for RCC_APB1PeriphResetCmd
    stm32f10x_nvic.o(.text) refers to cortexm3_macro.o(.text) for __SETPRIMASK
    stm32f10x_pwr.o(.text) refers to stm32f10x_rcc.o(.text) for RCC_APB1PeriphResetCmd
    stm32f10x_pwr.o(.text) refers to cortexm3_macro.o(.text) for __WFI
    stm32f10x_rcc.o(.text) refers to stm32f10x_rcc.o(.data) for .data
    stm32f10x_rcc.o(.text) refers to stm32f10x_rcc.o(.constdata) for .constdata
    stm32f10x_spi.o(.text) refers to stm32f10x_rcc.o(.text) for RCC_APB2PeriphResetCmd
[...]
    ../../dcheck1.s                          0x00000000   Number         0  dcheck1.o ABSOLUTE
    ../../dcmpin.s                           0x00000000   Number         0  dcmpin.o ABSOLUTE
    ../../dfixu.s                            0x00000000   Number         0  dfixu.o ABSOLUTE
    ../../dflt.s                             0x00000000   Number         0  dflt_clz.o ABSOLUTE
    ../../dleqf.s                            0x00000000   Number         0  dleqf.o ABSOLUTE
    ../../drleqf.s                           0x00000000   Number         0  drleqf.o ABSOLUTE
    ../../dsqrt.s                            0x00000000   Number         0  dsqrt.o ABSOLUTE
    ../../f2d.s                              0x00000000   Number         0  f2d.o ABSOLUTE
    ../../faddsub.s                          0x00000000   Number         0  faddsub_clz.o ABSOLUTE
    ../../fcheck.s                           0x00000000   Number         0  fcheck.o ABSOLUTE
    ../../fcheck1.s                          0x00000000   Number         0  fcheck1.o ABSOLUTE
    ../../fcmpin.s                           0x00000000   Number         0  fcmpin.o ABSOLUTE
    ../../fdiv.s                             0x00000000   Number         0  fdiv.o ABSOLUTE
    ../../fenv.c                             0x00000000   Number         0  _rserrno.o ABSOLUTE
    ../../feqf.s                             0x00000000   Number         0  feqf.o ABSOLUTE
    ../../ffix.s                             0x00000000   Number         0  ffix.o ABSOLUTE
    ../../ffixu.s                            0x00000000   Number         0  ffixu.o ABSOLUTE
    ../../fflt.s                             0x00000000   Number         0  fflt_clz.o ABSOLUTE
    ../../fmul.s                             0x00000000   Number         0  fmul.o ABSOLUTE
    ../../fnorm2.s                           0x00000000   Number         0  fnorm2_clz.o ABSOLUTE
    ../../fpinit.s                           0x00000000   Number         0  fpinit.o ABSOLUTE
    ../../funder.s                           0x00000000   Number         0  funder.o ABSOLUTE
    ../../heapalloc.c                        0x00000000   Number         0  hrguard.o ABSOLUTE
    ../../heapaux.c                          0x00000000   Number         0  heapauxi.o ABSOLUTE
    ../../libinit.s                          0x00000000   Number         0  libinit.o ABSOLUTE
    ../../libinit.s                          0x00000000   Number         0  libinit2.o ABSOLUTE
    ../../libinit.s                          0x00000000   Number         0  libshutdown.o ABSOLUTE
    ../../libinit.s                          0x00000000   Number         0  libshutdown2.o ABSOLUTE
    ../../retnan.s                           0x00000000   Number         0  retnan.o ABSOLUTE
    ../../signal.c                           0x00000000   Number         0  defsig_other.o ABSOLUTE
    ../../signal.c                           0x00000000   Number         0  defsig_segv_inner.o ABSOLUTE
    ../../signal.c                           0x00000000   Number         0  defsig_fpe_inner.o ABSOLUTE
    ../../signal.c                           0x00000000   Number         0  defsig_cppl_inner.o ABSOLUTE
    ../../signal.c                           0x00000000   Number         0  defsig_abrt_inner.o ABSOLUTE
    ../../signal.c                           0x00000000   Number         0  defsig_rtmem_outer.o ABSOLUTE
    ../../signal.c                           0x00000000   Number         0  defsig_pvfn_inner.o ABSOLUTE
    ../../signal.c                           0x00000000   Number         0  defsig_stak_inner.o ABSOLUTE
    ../../signal.c                           0x00000000   Number         0  defsig_rtred_inner.o ABSOLUTE
    ../../signal.c                           0x00000000   Number         0  defsig_general.o ABSOLUTE
    ../../signal.c                           0x00000000   Number         0  __raise.o ABSOLUTE
    ../../signal.c                           0x00000000   Number         0  defsig_rtmem_inner.o ABSOLUTE
    ../../signal.c                           0x00000000   Number         0  defsig_exit.o ABSOLUTE
    ../../signal.c                           0x00000000   Number         0  defsig_rtmem_formal.o ABSOLUTE
    ../../signal.s                           0x00000000   Number         0  defsig.o ABSOLUTE
    ../../sqrt.c                             0x00000000   Number         0  sqrt.o ABSOLUTE
    ../../stdlib.c                           0x00000000   Number         0  exit.o ABSOLUTE
    ../../trapv.s                            0x00000000   Number         0  trapv.o ABSOLUTE
    ../../usenofp.s                          0x00000000   Number         0  usenofp.o ABSOLUTE
    Core\cortexm3_macro.s                    0x00000000   Number         0  cortexm3_macro.o ABSOLUTE
    Core\stm32f10x_vector.s                  0x00000000   Number         0  stm32f10x_vector.o ABSOLUTE
    FWLib\src\stm32f10x_adc.c                0x00000000   Number         0  stm32f10x_adc.o ABSOLUTE
    FWLib\src\stm32f10x_bkp.c                0x00000000   Number         0  stm32f10x_bkp.o ABSOLUTE
    FWLib\src\stm32f10x_can.c                0x00000000   Number         0  stm32f10x_can.o ABSOLUTE
    FWLib\src\stm32f10x_crc.c                0x00000000   Number         0  stm32f10x_crc.o ABSOLUTE
    FWLib\src\stm32f10x_dac.c                0x00000000   Number         0  stm32f10x_dac.o ABSOLUTE
    FWLib\src\stm32f10x_dbgmcu.c             0x00000000   Number         0  stm32f10x_dbgmcu.o ABSOLUTE
    FWLib\src\stm32f10x_dma.c                0x00000000   Number         0  stm32f10x_dma.o ABSOLUTE
    FWLib\src\stm32f10x_exti.c               0x00000000   Number         0  stm32f10x_exti.o ABSOLUTE
    FWLib\src\stm32f10x_flash.c              0x00000000   Number         0  stm32f10x_flash.o ABSOLUTE
    FWLib\src\stm32f10x_fsmc.c               0x00000000   Number         0  stm32f10x_fsmc.o ABSOLUTE
    FWLib\src\stm32f10x_gpio.c               0x00000000   Number         0  stm32f10x_gpio.o ABSOLUTE
    FWLib\src\stm32f10x_i2c.c                0x00000000   Number         0  stm32f10x_i2c.o ABSOLUTE
    FWLib\src\stm32f10x_iwdg.c               0x00000000   Number         0  stm32f10x_iwdg.o ABSOLUTE
    FWLib\src\stm32f10x_lib.c                0x00000000   Number         0  stm32f10x_lib.o ABSOLUTE
    FWLib\src\stm32f10x_nvic.c               0x00000000   Number         0  stm32f10x_nvic.o ABSOLUTE
    FWLib\src\stm32f10x_pwr.c                0x00000000   Number         0  stm32f10x_pwr.o ABSOLUTE
    FWLib\src\stm32f10x_rcc.c                0x00000000   Number         0  stm32f10x_rcc.o ABSOLUTE
    FWLib\src\stm32f10x_rtc.c                0x00000000   Number         0  stm32f10x_rtc.o ABSOLUTE
    FWLib\src\stm32f10x_sdio.c               0x00000000   Number         0  stm32f10x_sdio.o ABSOLUTE
    FWLib\src\stm32f10x_spi.c                0x00000000   Number         0  stm32f10x_spi.o ABSOLUTE
    FWLib\src\stm32f10x_systick.c            0x00000000   Number         0  stm32f10x_systick.o ABSOLUTE
    FWLib\src\stm32f10x_tim.c                0x00000000   Number         0  stm32f10x_tim.o ABSOLUTE
    FWLib\src\stm32f10x_usart.c              0x00000000   Number         0  stm32f10x_usart.o ABSOLUTE
    FWLib\src\stm32f10x_wwdg.c               0x00000000   Number         0  stm32f10x_wwdg.o ABSOLUTE
    User\SPI_Flash.c                         0x00000000   Number         0  spi_flash.o ABSOLUTE
    User\arm79_logo.c                        0x00000000   Number         0  arm79_logo.o ABSOLUTE
    User\lcd.c                               0x00000000   Number         0  lcd.o ABSOLUTE
    User\main.c                              0x00000000   Number         0  main.o ABSOLUTE
    User\picture.c                           0x00000000   Number         0  picture.o ABSOLUTE
    User\stm32f10x_it.c                      0x00000000   Number         0  stm32f10x_it.o ABSOLUTE
    User\touch.c                             0x00000000   Number         0  touch.o ABSOLUTE
    dc.s                                     0x00000000   Number         0  dc.o ABSOLUTE
    RESET                                    0x08000000   Section      304  stm32f10x_vector.o(RESET)
    !!!main                                  0x08000130   Section        8  __main.o(!!!main)
    !!!scatter                               0x08000138   Section       52  __scatter.o(!!!scatter)
    !!handler_copy                           0x0800016c   Section       26  __scatter_copy.o(!!handler_copy)
    !!handler_zi                             0x08000188   Section       28  __scatter_zi.o(!!handler_zi)
    .ARM.Collect$$libinit$$00000000          0x080001a4   Section        6  libinit.o(.ARM.Collect$$libinit$$00000000)
    .ARM.Collect$$libinit$$00000006          0x080001aa   Section        0  libinit2.o(.ARM.Collect$$libinit$$00000006)
    .ARM.Collect$$libinit$$00000008          0x080001aa   Section        0  libinit2.o(.ARM.Collect$$libinit$$00000008)
    .ARM.Collect$$libinit$$0000000A          0x080001aa   Section        0  libinit2.o(.ARM.Collect$$libinit$$0000000A)
    .ARM.Collect$$libinit$$0000000D          0x080001aa   Section        0  libinit2.o(.ARM.Collect$$libinit$$0000000D)
    .ARM.Collect$$libinit$$0000000F          0x080001aa   Section        0  libinit2.o(.ARM.Collect$$libinit$$0000000F)
    .ARM.Collect$$libinit$$00000011          0x080001aa   Section        0  libinit2.o(.ARM.Collect$$libinit$$00000011)
    .ARM.Collect$$libinit$$00000013          0x080001aa   Section        0  libinit2.o(.ARM.Collect$$libinit$$00000013)
    .ARM.Collect$$libinit$$00000015          0x080001aa   Section        0  libinit2.o(.ARM.Collect$$libinit$$00000015)
    .ARM.Collect$$libinit$$00000017          0x080001aa   Section        0  libinit2.o(.ARM.Collect$$libinit$$00000017)
    .ARM.Collect$$libinit$$00000019          0x080001aa   Section        0  libinit2.o(.ARM.Collect$$libinit$$00000019)
    .ARM.Collect$$libinit$$0000001B          0x080001aa   Section        0  libinit2.o(.ARM.Collect$$libinit$$0000001B)
    .ARM.Collect$$libinit$$0000001D          0x080001aa   Section        0  libinit2.o(.ARM.Collect$$libinit$$0000001D)
    .ARM.Collect$$libinit$$0000001F          0x080001aa   Section        0  libinit2.o(.ARM.Collect$$libinit$$0000001F)
    .ARM.Collect$$libinit$$00000021          0x080001aa   Section        0  libinit2.o(.ARM.Collect$$libinit$$00000021)
    .ARM.Collect$$libinit$$00000028          0x080001aa   Section        0  libinit2.o(.ARM.Collect$$libinit$$00000028)
    .ARM.Collect$$libinit$$0000002A          0x080001aa   Section        0  libinit2.o(.ARM.Collect$$libinit$$0000002A)
    .ARM.Collect$$libinit$$0000002C          0x080001aa   Section        0  libinit2.o(.ARM.Collect$$libinit$$0000002C)
    .ARM.Collect$$libinit$$0000002E          0x080001aa   Section        0  libinit2.o(.ARM.Collect$$libinit$$0000002E)
    .ARM.Collect$$libinit$$0000002F          0x080001aa   Section        2  libinit2.o(.ARM.Collect$$libinit$$0000002F)
    .ARM.Collect$$libshutdown$$00000000      0x080001ac   Section        2  libshutdown.o(.ARM.Collect$$libshutdown$$00000000)
    .ARM.Collect$$libshutdown$$00000003      0x080001ae   Section        0  libshutdown2.o(.ARM.Collect$$libshutdown$$00000003)
    .ARM.Collect$$libshutdown$$00000006      0x080001ae   Section        0  libshutdown2.o(.ARM.Collect$$libshutdown$$00000006)
    .ARM.Collect$$libshutdown$$00000009      0x080001ae   Section        0  libshutdown2.o(.ARM.Collect$$libshutdown$$00000009)
    .ARM.Collect$$libshutdown$$0000000B      0x080001ae   Section        0  libshutdown2.o(.ARM.Collect$$libshutdown$$0000000B)
    .ARM.Collect$$libshutdown$$0000000E      0x080001ae   Section        0  libshutdown2.o(.ARM.Collect$$libshutdown$$0000000E)
    .ARM.Collect$$libshutdown$$0000000F      0x080001ae   Section        2  libshutdown2.o(.ARM.Collect$$libshutdown$$0000000F)
    .ARM.Collect$$rtentry$$00000000          0x080001b0   Section        0  rtentry.o(.ARM.Collect$$rtentry$$00000000)
    .ARM.Collect$$rtentry$$00000002          0x080001b0   Section        0  rtentry2.o(.ARM.Collect$$rtentry$$00000002)
    .ARM.Collect$$rtentry$$00000004          0x080001b0   Section        6  rtentry4.o(.ARM.Collect$$rtentry$$00000004)
    .ARM.Collect$$rtentry$$00000009          0x080001b6   Section        0  rtentry2.o(.ARM.Collect$$rtentry$$00000009)
    .ARM.Collect$$rtentry$$0000000A          0x080001b6   Section        4  rtentry2.o(.ARM.Collect$$rtentry$$0000000A)
    .ARM.Collect$$rtentry$$0000000C          0x080001ba   Section        0  rtentry2.o(.ARM.Collect$$rtentry$$0000000C)
    .ARM.Collect$$rtentry$$0000000D          0x080001ba   Section        8  rtentry2.o(.ARM.Collect$$rtentry$$0000000D)
    .ARM.Collect$$rtexit$$00000000           0x080001c2   Section        0  rtexit.o(.ARM.Collect$$rtexit$$00000000)
    .ARM.Collect$$rtexit$$00000002           0x080001c2   Section        0  rtexit2.o(.ARM.Collect$$rtexit$$00000002)
    .ARM.Collect$$rtexit$$00000003           0x080001c2   Section        4  rtexit2.o(.ARM.Collect$$rtexit$$00000003)
    .ARM.Collect$$rtexit$$00000004           0x080001c6   Section        4  rtexit2.o(.ARM.Collect$$rtexit$$00000004)
    .text                                    0x080001cc   Section      308  stm32f10x_it.o(.text)
    .text                                    0x08000300   Section     3564  lcd.o(.text)
    Delay                                    0x08000325   Thumb Code    10  lcd.o(.text)
    StrLength                                0x0800032f   Thumb Code    20  lcd.o(.text)
    .text                                    0x080010ec   Section      664  main.o(.text)
    SetSysClock                              0x0800129d   Thumb Code     2  main.o(.text)
    .text                                    0x08001384   Section     2824  touch.o(.text)
    .text                                    0x08001e8c   Section      224  spi_flash.o(.text)
    .text                                    0x08001f6c   Section      122  cortexm3_macro.o(.text)
    .text                                    0x08001fe8   Section       36  stm32f10x_vector.o(.text)
    .text                                    0x0800200c   Section      336  stm32f10x_exti.o(.text)
    .text                                    0x0800215c   Section     1556  stm32f10x_fsmc.o(.text)
    .text                                    0x08002770   Section      792  stm32f10x_gpio.o(.text)
    .text                                    0x08002a88   Section     1004  stm32f10x_nvic.o(.text)
    .text                                    0x08002e74   Section      928  stm32f10x_rcc.o(.text)
    .text                                    0x08003214   Section      824  stm32f10x_spi.o(.text)
    .text                                    0x0800354c   Section     2814  stm32f10x_tim.o(.text)
    TI4_Config                               0x0800384f   Thumb Code    66  stm32f10x_tim.o(.text)
    TI3_Config                               0x080038a3   Thumb Code    60  stm32f10x_tim.o(.text)
    TI2_Config                               0x080038f5   Thumb Code    80  stm32f10x_tim.o(.text)
    TI1_Config                               0x08003957   Thumb Code    50  stm32f10x_tim.o(.text)
    .text                                    0x0800404a   Section        6  heapauxi.o(.text)
    .text                                    0x08004050   Section       22  _rserrno.o(.text)
    .text                                    0x08004068   Section       12  rt_errno_addr_intlibspace.o(.text)
    .text                                    0x08004074   Section        8  libspace.o(.text)
    .text                                    0x0800407c   Section       74  sys_stackheap_outer.o(.text)
    .text                                    0x080040c6   Section       12  exit.o(.text)
    .text                                    0x080040d4   Section       20  sys_exit.o(.text)
    .text                                    0x080040e8   Section        2  use_no_semi.o(.text)
    i.sqrt                                   0x080040ec   Section       84  sqrt.o(i.sqrt)
    x$fpl$dcheck                             0x08004140   Section       16  dcheck.o(x$fpl$dcheck)
    x$fpl$dcheck1                            0x08004150   Section       16  dcheck1.o(x$fpl$dcheck1)
    x$fpl$dcmpinfnan                         0x08004160   Section      120  dcmpin.o(x$fpl$dcmpinfnan)
    x$fpl$dcmpinfnan                         0x080041d8   Section       88  fcmpin.o(x$fpl$dcmpinfnan)
    x$fpl$dfixu                              0x08004230   Section      116  dfixu.o(x$fpl$dfixu)
    x$fpl$dflt                               0x080042a4   Section       44  dflt_clz.o(x$fpl$dflt)
    x$fpl$dfltu                              0x080042d0   Section       10  dflt_clz.o(x$fpl$dfltu)
    x$fpl$dleqf                              0x080042dc   Section      112  dleqf.o(x$fpl$dleqf)
    x$fpl$drleqf                             0x0800434c   Section      136  drleqf.o(x$fpl$drleqf)
    x$fpl$dsqrt                              0x080043d4   Section      324  dsqrt.o(x$fpl$dsqrt)
    x$fpl$f2d                                0x08004518   Section       80  f2d.o(x$fpl$f2d)
    x$fpl$fadd                               0x08004568   Section      256  faddsub_clz.o(x$fpl$fadd)
    _fadd1                                   0x08004577   Thumb Code     0  faddsub_clz.o(x$fpl$fadd)
    x$fpl$fcheck                             0x08004668   Section       12  fcheck.o(x$fpl$fcheck)
    x$fpl$fcheck1                            0x08004674   Section       12  fcheck1.o(x$fpl$fcheck1)
    x$fpl$fdiv                               0x08004680   Section      484  fdiv.o(x$fpl$fdiv)
    _fdiv1                                   0x08004681   Thumb Code     0  fdiv.o(x$fpl$fdiv)
    x$fpl$feqf                               0x08004864   Section       96  feqf.o(x$fpl$feqf)
    x$fpl$ffix                               0x080048c4   Section      112  ffix.o(x$fpl$ffix)
    x$fpl$ffixu                              0x08004934   Section       88  ffixu.o(x$fpl$ffixu)
    x$fpl$fflt                               0x0800498c   Section       50  fflt_clz.o(x$fpl$fflt)
    x$fpl$ffltu                              0x080049be   Section        8  fflt_clz.o(x$fpl$ffltu)
    x$fpl$fmul                               0x080049c8   Section      264  fmul.o(x$fpl$fmul)
    x$fpl$fnorm2                             0x08004ad0   Section       74  fnorm2_clz.o(x$fpl$fnorm2)
    x$fpl$frsb                               0x08004b1a   Section       20  faddsub_clz.o(x$fpl$frsb)
    x$fpl$fsub                               0x08004b30   Section      292  faddsub_clz.o(x$fpl$fsub)
    _fsub1                                   0x08004b3f   Thumb Code     0  faddsub_clz.o(x$fpl$fsub)
    x$fpl$funder                             0x08004c54   Section      134  funder.o(x$fpl$funder)
    x$fpl$retnan                             0x08004cda   Section      100  retnan.o(x$fpl$retnan)
    x$fpl$trapveneer                         0x08004d3e   Section       48  trapv.o(x$fpl$trapveneer)
    .constdata                               0x08004d6e   Section    465360  lcd.o(.constdata)
    x$fpl$usenofp                            0x08004d6e   Section        0  usenofp.o(x$fpl$usenofp)
    .constdata                               0x0807673e   Section       20  stm32f10x_rcc.o(.constdata)
    APBAHBPrescTable                         0x0807673e   Data          16  stm32f10x_rcc.o(.constdata)
    ADCPrescTable                            0x0807674e   Data           4  stm32f10x_rcc.o(.constdata)
    .data                                    0x20000000   Section       20  lcd.o(.data)
    fac_us                                   0x20000000   Data           1  lcd.o(.data)
    fac_ms                                   0x20000004   Data           4  lcd.o(.data)
    TextColor                                0x20000008   Data           2  lcd.o(.data)
    BackColor                                0x2000000a   Data           2  lcd.o(.data)
    .data                                    0x20000014   Section       20  main.o(.data)
    fac_us                                   0x20000014   Data           1  main.o(.data)
    fac_ms                                   0x20000018   Data           4  main.o(.data)
    .data                                    0x20000028   Section       56  touch.o(.data)
    fac_us                                   0x20000028   Data           1  touch.o(.data)
    fac_ms                                   0x2000002c   Data           4  touch.o(.data)
    .data                                    0x20000060   Section        5  stm32f10x_rcc.o(.data)
    StartUpCounter                           0x20000060   Data           4  stm32f10x_rcc.o(.data)
    HSEStatus                                0x20000064   Data           1  stm32f10x_rcc.o(.data)
    .bss                                     0x20000068   Section       10  main.o(.bss)
    .bss                                     0x20000074   Section       32  touch.o(.bss)
    .bss                                     0x20000094   Section       96  libspace.o(.bss)
    HEAP                                     0x200000f8   Section     1024  stm32f10x_vector.o(HEAP)
    Heap_Mem                                 0x200000f8   Data        1024  stm32f10x_vector.o(HEAP)
    STACK                                    0x200004f8   Section     1024  stm32f10x_vector.o(STACK)
    Stack_Mem                                0x200004f8   Data        1024  stm32f10x_vector.o(STACK)
    __initial_sp                             0x200008f8   Data           0  stm32f10x_vector.o(STACK)

    Global Symbols

    Symbol Name                              Value     Ov Type        Size  Object(Section)

    BuildAttributes$$THM_ISAv4$P$D$K$B$S$PE$A:L22UL41UL21$X:L11$S22US41US21$IEEE1$IW$USESV6$~STKCKD$USESV7$~SHL$OSPACE$ROPI$IEEEJ$EBA8$UX$STANDARDLIB$REQ8$PRES8$EABIv2 0x00000000   Number         0  anon$$obj.o ABSOLUTE
    __ARM_use_no_argv                        0x00000000   Number         0  main.o ABSOLUTE
    __ARM_exceptions_init                     - Undefined Weak Reference
    __alloca_initialize                       - Undefined Weak Reference
    __cpp_initialize__aeabi_                  - Undefined Weak Reference
    __cxa_finalize                            - Undefined Weak Reference
    __fpl_infinity                            - Undefined Weak Reference
    __rt_locale                               - Undefined Weak Reference
    __sigvec_lookup                           - Undefined Weak Reference
    _atexit_init                              - Undefined Weak Reference
    _call_atexit_fns                          - Undefined Weak Reference
    _clock_init                               - Undefined Weak Reference
    _fp_trap_init                             - Undefined Weak Reference
    _fp_trap_shutdown                         - Undefined Weak Reference
    _get_lc_collate                           - Undefined Weak Reference
    _get_lc_ctype                             - Undefined Weak Reference
    _get_lc_monetary                          - Undefined Weak Reference
    _get_lc_numeric                           - Undefined Weak Reference
    _get_lc_time                              - Undefined Weak Reference
    _getenv_init                              - Undefined Weak Reference
    _handle_redirection                       - Undefined Weak Reference
    _init_alloc                               - Undefined Weak Reference
    _init_user_alloc                          - Undefined Weak Reference
    _initio                                   - Undefined Weak Reference
    _rand_init                                - Undefined Weak Reference
    _signal_finish                            - Undefined Weak Reference
    _signal_init                              - Undefined Weak Reference
    _terminate_alloc                          - Undefined Weak Reference
    _terminate_user_alloc                     - Undefined Weak Reference
    _terminateio                              - Undefined Weak Reference
    __Vectors                                0x08000000   Data           4  stm32f10x_vector.o(RESET)
    __main                                   0x08000131   Thumb Code     8  __main.o(!!!main)
    __scatterload                            0x08000139   Thumb Code     0  __scatter.o(!!!scatter)
    __scatterload_rt2                        0x08000139   Thumb Code    44  __scatter.o(!!!scatter)
    __scatterload_rt2_thumb_only             0x08000139   Thumb Code     0  __scatter.o(!!!scatter)
    __scatterload_null                       0x08000147   Thumb Code     0  __scatter.o(!!!scatter)
    __scatterload_copy                       0x0800016d   Thumb Code    26  __scatter_copy.o(!!handler_copy)
    __scatterload_zeroinit                   0x08000189   Thumb Code    28  __scatter_zi.o(!!handler_zi)
    __rt_lib_init                            0x080001a5   Thumb Code     0  libinit.o(.ARM.Collect$$libinit$$00000000)
    __rt_lib_init_alloca_1                   0x080001ab   Thumb Code     0  libinit2.o(.ARM.Collect$$libinit$$0000002A)
    __rt_lib_init_argv_1                     0x080001ab   Thumb Code     0  libinit2.o(.ARM.Collect$$libinit$$00000028)
    __rt_lib_init_atexit_1                   0x080001ab   Thumb Code     0  libinit2.o(.ARM.Collect$$libinit$$00000017)
    __rt_lib_init_clock_1                    0x080001ab   Thumb Code     0  libinit2.o(.ARM.Collect$$libinit$$0000001D)
    __rt_lib_init_cpp_1                      0x080001ab   Thumb Code     0  libinit2.o(.ARM.Collect$$libinit$$0000002E)
    __rt_lib_init_exceptions_1               0x080001ab   Thumb Code     0  libinit2.o(.ARM.Collect$$libinit$$0000002C)
    __rt_lib_init_fp_trap_1                  0x080001ab   Thumb Code     0  libinit2.o(.ARM.Collect$$libinit$$0000001B)
    __rt_lib_init_getenv_1                   0x080001ab   Thumb Code     0  libinit2.o(.ARM.Collect$$libinit$$0000001F)
    __rt_lib_init_heap_1                     0x080001ab   Thumb Code     0  libinit2.o(.ARM.Collect$$libinit$$00000006)
    __rt_lib_init_lc_collate_1               0x080001ab   Thumb Code     0  libinit2.o(.ARM.Collect$$libinit$$0000000D)
    __rt_lib_init_lc_ctype_1                 0x080001ab   Thumb Code     0  libinit2.o(.ARM.Collect$$libinit$$0000000F)
    __rt_lib_init_lc_monetary_1              0x080001ab   Thumb Code     0  libinit2.o(.ARM.Collect$$libinit$$00000011)
    __rt_lib_init_lc_numeric_1               0x080001ab   Thumb Code     0  libinit2.o(.ARM.Collect$$libinit$$00000013)
    __rt_lib_init_lc_time_1                  0x080001ab   Thumb Code     0  libinit2.o(.ARM.Collect$$libinit$$00000015)
    __rt_lib_init_rand_1                     0x080001ab   Thumb Code     0  libinit2.o(.ARM.Collect$$libinit$$0000000A)
    __rt_lib_init_return                     0x080001ab   Thumb Code     0  libinit2.o(.ARM.Collect$$libinit$$0000002F)
    __rt_lib_init_signal_1                   0x080001ab   Thumb Code     0  libinit2.o(.ARM.Collect$$libinit$$00000019)
    __rt_lib_init_stdio_1                    0x080001ab   Thumb Code     0  libinit2.o(.ARM.Collect$$libinit$$00000021)
    __rt_lib_init_user_alloc_1               0x080001ab   Thumb Code     0  libinit2.o(.ARM.Collect$$libinit$$00000008)
    __rt_lib_shutdown                        0x080001ad   Thumb Code     0  libshutdown.o(.ARM.Collect$$libshutdown$$00000000)
    __rt_lib_shutdown_fp_trap_1              0x080001af   Thumb Code     0  libshutdown2.o(.ARM.Collect$$libshutdown$$00000006)
    __rt_lib_shutdown_heap_1                 0x080001af   Thumb Code     0  libshutdown2.o(.ARM.Collect$$libshutdown$$0000000E)
    __rt_lib_shutdown_return                 0x080001af   Thumb Code     0  libshutdown2.o(.ARM.Collect$$libshutdown$$0000000F)
    __rt_lib_shutdown_signal_1               0x080001af   Thumb Code     0  libshutdown2.o(.ARM.Collect$$libshutdown$$00000009)
    __rt_lib_shutdown_stdio_1                0x080001af   Thumb Code     0  libshutdown2.o(.ARM.Collect$$libshutdown$$00000003)
    __rt_lib_shutdown_user_alloc_1           0x080001af   Thumb Code     0  libshutdown2.o(.ARM.Collect$$libshutdown$$0000000B)
    __rt_entry                               0x080001b1   Thumb Code     0  rtentry.o(.ARM.Collect$$rtentry$$00000000)
    __rt_entry_presh_1                       0x080001b1   Thumb Code     0  rtentry2.o(.ARM.Collect$$rtentry$$00000002)
    __rt_entry_sh                            0x080001b1   Thumb Code     0  rtentry4.o(.ARM.Collect$$rtentry$$00000004)
    __rt_entry_li                            0x080001b7   Thumb Code     0  rtentry2.o(.ARM.Collect$$rtentry$$0000000A)
    __rt_entry_postsh_1                      0x080001b7   Thumb Code     0  rtentry2.o(.ARM.Collect$$rtentry$$00000009)
    __rt_entry_main                          0x080001bb   Thumb Code     0  rtentry2.o(.ARM.Collect$$rtentry$$0000000D)
    __rt_entry_postli_1                      0x080001bb   Thumb Code     0  rtentry2.o(.ARM.Collect$$rtentry$$0000000C)
    __rt_exit                                0x080001c3   Thumb Code     0  rtexit.o(.ARM.Collect$$rtexit$$00000000)
    __rt_exit_ls                             0x080001c3   Thumb Code     0  rtexit2.o(.ARM.Collect$$rtexit$$00000003)
    __rt_exit_prels_1                        0x080001c3   Thumb Code     0  rtexit2.o(.ARM.Collect$$rtexit$$00000002)
    __rt_exit_exit                           0x080001c7   Thumb Code     0  rtexit2.o(.ARM.Collect$$rtexit$$00000004)
    NMIException                             0x080001cd   Thumb Code     2  stm32f10x_it.o(.text)
    HardFaultException                       0x080001cf   Thumb Code     4  stm32f10x_it.o(.text)
    MemManageException                       0x080001d3   Thumb Code     4  stm32f10x_it.o(.text)
    BusFaultException                        0x080001d7   Thumb Code     4  stm32f10x_it.o(.text)
    UsageFaultException                      0x080001db   Thumb Code     4  stm32f10x_it.o(.text)
    DebugMonitor                             0x080001df   Thumb Code     2  stm32f10x_it.o(.text)
    SVCHandler                               0x080001e1   Thumb Code     2  stm32f10x_it.o(.text)
    PendSVC                                  0x080001e3   Thumb Code     2  stm32f10x_it.o(.text)
    SysTickHandler                           0x080001e5   Thumb Code     2  stm32f10x_it.o(.text)
    WWDG_IRQHandler                          0x080001e7   Thumb Code     2  stm32f10x_it.o(.text)
    PVD_IRQHandler                           0x080001e9   Thumb Code     2  stm32f10x_it.o(.text)
    TAMPER_IRQHandler                        0x080001eb   Thumb Code     2  stm32f10x_it.o(.text)
    RTC_IRQHandler                           0x080001ed   Thumb Code     2  stm32f10x_it.o(.text)
    FLASH_IRQHandler                         0x080001ef   Thumb Code     2  stm32f10x_it.o(.text)
    RCC_IRQHandler                           0x080001f1   Thumb Code     2  stm32f10x_it.o(.text)
    EXTI0_IRQHandler                         0x080001f3   Thumb Code     2  stm32f10x_it.o(.text)
    EXTI1_IRQHandler                         0x080001f5   Thumb Code     2  stm32f10x_it.o(.text)
    EXTI2_IRQHandler                         0x080001f7   Thumb Code    46  stm32f10x_it.o(.text)
    EXTI3_IRQHandler                         0x08000225   Thumb Code    46  stm32f10x_it.o(.text)
    EXTI4_IRQHandler                         0x08000253   Thumb Code     2  stm32f10x_it.o(.text)
    DMA1_Channel1_IRQHandler                 0x08000255   Thumb Code     2  stm32f10x_it.o(.text)
    DMA1_Channel2_IRQHandler                 0x08000257   Thumb Code     2  stm32f10x_it.o(.text)
    DMA1_Channel3_IRQHandler                 0x08000259   Thumb Code     2  stm32f10x_it.o(.text)
    DMA1_Channel4_IRQHandler                 0x0800025b   Thumb Code     2  stm32f10x_it.o(.text)
    DMA1_Channel5_IRQHandler                 0x0800025d   Thumb Code     2  stm32f10x_it.o(.text)
    DMA1_Channel6_IRQHandler                 0x0800025f   Thumb Code     2  stm32f10x_it.o(.text)
    DMA1_Channel7_IRQHandler                 0x08000261   Thumb Code     2  stm32f10x_it.o(.text)
    ADC1_2_IRQHandler                        0x08000263   Thumb Code     2  stm32f10x_it.o(.text)
    USB_HP_CAN_TX_IRQHandler                 0x08000265   Thumb Code     2  stm32f10x_it.o(.text)
    USB_LP_CAN_RX0_IRQHandler                0x08000267   Thumb Code     2  stm32f10x_it.o(.text)
    CAN_RX1_IRQHandler                       0x08000269   Thumb Code     2  stm32f10x_it.o(.text)
    CAN_SCE_IRQHandler                       0x0800026b   Thumb Code     2  stm32f10x_it.o(.text)
    EXTI9_5_IRQHandler                       0x0800026d   Thumb Code    56  stm32f10x_it.o(.text)
    TIM1_BRK_IRQHandler                      0x080002a5   Thumb Code     2  stm32f10x_it.o(.text)
    TIM1_UP_IRQHandler                       0x080002a7   Thumb Code     2  stm32f10x_it.o(.text)
    TIM1_TRG_COM_IRQHandler                  0x080002a9   Thumb Code     2  stm32f10x_it.o(.text)
    TIM1_CC_IRQHandler                       0x080002ab   Thumb Code     2  stm32f10x_it.o(.text)
    TIM2_IRQHandler                          0x080002ad   Thumb Code     2  stm32f10x_it.o(.text)
    TIM3_IRQHandler                          0x080002af   Thumb Code     2  stm32f10x_it.o(.text)
    TIM4_IRQHandler                          0x080002b1   Thumb Code     2  stm32f10x_it.o(.text)
    I2C1_EV_IRQHandler                       0x080002b3   Thumb Code     2  stm32f10x_it.o(.text)
    I2C1_ER_IRQHandler                       0x080002b5   Thumb Code     2  stm32f10x_it.o(.text)
    I2C2_EV_IRQHandler                       0x080002b7   Thumb Code     2  stm32f10x_it.o(.text)
    I2C2_ER_IRQHandler                       0x080002b9   Thumb Code     2  stm32f10x_it.o(.text)
    SPI1_IRQHandler                          0x080002bb   Thumb Code     2  stm32f10x_it.o(.text)
    SPI2_IRQHandler                          0x080002bd   Thumb Code     2  stm32f10x_it.o(.text)
    USART1_IRQHandler                        0x080002bf   Thumb Code     2  stm32f10x_it.o(.text)
    USART2_IRQHandler                        0x080002c1   Thumb Code     2  stm32f10x_it.o(.text)
    USART3_IRQHandler                        0x080002c3   Thumb Code     2  stm32f10x_it.o(.text)
    EXTI15_10_IRQHandler                     0x080002c5   Thumb Code     2  stm32f10x_it.o(.text)
    RTCAlarm_IRQHandler                      0x080002c7   Thumb Code     2  stm32f10x_it.o(.text)
    USBWakeUp_IRQHandler                     0x080002c9   Thumb Code     2  stm32f10x_it.o(.text)
    TIM8_BRK_IRQHandler                      0x080002cb   Thumb Code     2  stm32f10x_it.o(.text)
    TIM8_UP_IRQHandler                       0x080002cd   Thumb Code     2  stm32f10x_it.o(.text)
    TIM8_TRG_COM_IRQHandler                  0x080002cf   Thumb Code     2  stm32f10x_it.o(.text)
    TIM8_CC_IRQHandler                       0x080002d1   Thumb Code     2  stm32f10x_it.o(.text)
    ADC3_IRQHandler                          0x080002d3   Thumb Code     2  stm32f10x_it.o(.text)
    FSMC_IRQHandler                          0x080002d5   Thumb Code     2  stm32f10x_it.o(.text)
    SDIO_IRQHandler                          0x080002d7   Thumb Code     2  stm32f10x_it.o(.text)
    TIM5_IRQHandler                          0x080002d9   Thumb Code     2  stm32f10x_it.o(.text)
    SPI3_IRQHandler                          0x080002db   Thumb Code     2  stm32f10x_it.o(.text)
    UART4_IRQHandler                         0x080002dd   Thumb Code     2  stm32f10x_it.o(.text)
    UART5_IRQHandler                         0x080002df   Thumb Code     2  stm32f10x_it.o(.text)
    TIM6_IRQHandler                          0x080002e1   Thumb Code     2  stm32f10x_it.o(.text)
    TIM7_IRQHandler                          0x080002e3   Thumb Code     2  stm32f10x_it.o(.text)
    DMA2_Channel1_IRQHandler                 0x080002e5   Thumb Code     2  stm32f10x_it.o(.text)
    DMA2_Channel2_IRQHandler                 0x080002e7   Thumb Code     2  stm32f10x_it.o(.text)
    DMA2_Channel3_IRQHandler                 0x080002e9   Thumb Code     2  stm32f10x_it.o(.text)
    DMA2_Channel4_5_IRQHandler               0x080002eb   Thumb Code     2  stm32f10x_it.o(.text)
    LCD_WriteRAM                             0x08000301   Thumb Code     6  lcd.o(.text)
    LCD_WriteIndex                           0x08000307   Thumb Code     8  lcd.o(.text)
    LCD_WriteReg                             0x0800030f   Thumb Code    12  lcd.o(.text)
    LCD_WriteRAM_Prepare                     0x0800031b   Thumb Code    10  lcd.o(.text)
    LCD_CtrlLinesConfig                      0x08000343   Thumb Code   212  lcd.o(.text)
    LCD_Setup                                0x08000417   Thumb Code   546  lcd.o(.text)
    LCD_SetTextColor                         0x08000639   Thumb Code     6  lcd.o(.text)
    LCD_SetBackColor                         0x0800063f   Thumb Code     8  lcd.o(.text)
    LCD_SetCursor                            0x08000647   Thumb Code    24  lcd.o(.text)
    LCD_DrawChar                             0x0800065f   Thumb Code   120  lcd.o(.text)
    LCD_DisplayChar                          0x080006d7   Thumb Code    70  lcd.o(.text)
    LCD_DisplayStringLine                    0x0800071d   Thumb Code    58  lcd.o(.text)
    LCD_ClearLine                            0x08000757   Thumb Code    14  lcd.o(.text)
    LCD_Clear                                0x08000765   Thumb Code    46  lcd.o(.text)
    LCD_DisplayString                        0x08000793   Thumb Code   188  lcd.o(.text)
    LCD_SetDisplayWindow                     0x0800084f   Thumb Code    56  lcd.o(.text)
    LCD_WindowModeDisable                    0x08000887   Thumb Code    18  lcd.o(.text)
    LCD_WriteRAMWord                         0x08000899   Thumb Code    22  lcd.o(.text)
    LCD_DrawLine                             0x080008af   Thumb Code    92  lcd.o(.text)
    LCD_DrawRect                             0x0800090b   Thumb Code    66  lcd.o(.text)
    LCD_DrawRectFill                         0x0800094d   Thumb Code    82  lcd.o(.text)
    LCD_DrawCircle1                          0x0800099f   Thumb Code   258  lcd.o(.text)
    LCD_DrawCircle2                          0x08000aa1   Thumb Code   344  lcd.o(.text)
    LCD_DrawMonoPict                         0x08000bf9   Thumb Code    74  lcd.o(.text)
    LCD_PowerOn                              0x08000c43   Thumb Code     2  lcd.o(.text)
    LCD_DisplayOn                            0x08000c45   Thumb Code     2  lcd.o(.text)
    LCD_DisplayOff                           0x08000c47   Thumb Code     2  lcd.o(.text)
    address_set                              0x08000c49   Thumb Code    64  lcd.o(.text)
    dis_juanxing                             0x08000c89   Thumb Code   460  lcd.o(.text)
    dis_circle                               0x08000e55   Thumb Code   198  lcd.o(.text)
    dis_zhongkai                             0x08000f1b   Thumb Code    98  lcd.o(.text)
    show_picture                             0x08000f7d   Thumb Code    68  lcd.o(.text)
    test                                     0x08000fc1   Thumb Code   278  lcd.o(.text)
    Delay                                    0x080010ed   Thumb Code    10  main.o(.text)
    NVIC_Configuration                       0x080010f7   Thumb Code   178  main.o(.text)
    EXTI_Config                              0x080011a9   Thumb Code    60  main.o(.text)
    FSMC_LCD_Init                            0x080011e5   Thumb Code    92  main.o(.text)
    GPIO_Config                              0x08001241   Thumb Code    92  main.o(.text)
    SystemInit                               0x0800129f   Thumb Code    68  main.o(.text)
    main                                     0x080012e3   Thumb Code    60  main.o(.text)
    Timer_Config                             0x0800131f   Thumb Code    74  main.o(.text)
    start_spi                                0x08001385   Thumb Code    16  touch.o(.text)
    WriteByteADS                             0x08001395   Thumb Code    96  touch.o(.text)
    ReadWordADS                              0x080013f5   Thumb Code    64  touch.o(.text)
    delay_us                                 0x08001435   Thumb Code    52  touch.o(.text)
    read_once                                0x08001469   Thumb Code   144  touch.o(.text)
    Read_Ads7846                             0x080014f9   Thumb Code   262  touch.o(.text)
    delay_init                               0x080015ff   Thumb Code    46  touch.o(.text)
    delay_ms                                 0x0800162d   Thumb Code    54  touch.o(.text)
    Touch_Key_Pro                            0x08001663   Thumb Code   870  touch.o(.text)
    Is_In_Area                               0x080019c9   Thumb Code    44  touch.o(.text)
    touch_adjust                             0x080019f5   Thumb Code  1122  touch.o(.text)
    SPI_Flash_Init                           0x08001e8d   Thumb Code   156  spi_flash.o(.text)
    SPI_Flash_SendByte                       0x08001f29   Thumb Code    48  spi_flash.o(.text)
    SPI_Flash_ReadByte                       0x08001f59   Thumb Code    12  spi_flash.o(.text)
    __WFI                                    0x08001f6d   Thumb Code     0  cortexm3_macro.o(.text)
    __WFE                                    0x08001f71   Thumb Code     0  cortexm3_macro.o(.text)
    __SEV                                    0x08001f75   Thumb Code     0  cortexm3_macro.o(.text)
    __ISB                                    0x08001f79   Thumb Code     0  cortexm3_macro.o(.text)
    __DSB                                    0x08001f7f   Thumb Code     0  cortexm3_macro.o(.text)
    __DMB                                    0x08001f85   Thumb Code     0  cortexm3_macro.o(.text)
    __SVC                                    0x08001f8b   Thumb Code     0  cortexm3_macro.o(.text)
    __MRS_CONTROL                            0x08001f8f   Thumb Code     0  cortexm3_macro.o(.text)
    __MSR_CONTROL                            0x08001f95   Thumb Code     0  cortexm3_macro.o(.text)
    __MRS_PSP                                0x08001f9f   Thumb Code     0  cortexm3_macro.o(.text)
    __MSR_PSP                                0x08001fa5   Thumb Code     0  cortexm3_macro.o(.text)
    __MRS_MSP                                0x08001fab   Thumb Code     0  cortexm3_macro.o(.text)
    __MSR_MSP                                0x08001fb1   Thumb Code     0  cortexm3_macro.o(.text)
    __RESETPRIMASK                           0x08001fb7   Thumb Code     0  cortexm3_macro.o(.text)
    __SETPRIMASK                             0x08001fbb   Thumb Code     0  cortexm3_macro.o(.text)
    __READ_PRIMASK                           0x08001fbf   Thumb Code     0  cortexm3_macro.o(.text)
    __SETFAULTMASK                           0x08001fc5   Thumb Code     0  cortexm3_macro.o(.text)
    __RESETFAULTMASK                         0x08001fc9   Thumb Code     0  cortexm3_macro.o(.text)
    __READ_FAULTMASK                         0x08001fcd   Thumb Code     0  cortexm3_macro.o(.text)
    __BASEPRICONFIG                          0x08001fd3   Thumb Code     0  cortexm3_macro.o(.text)
    __GetBASEPRI                             0x08001fd9   Thumb Code     0  cortexm3_macro.o(.text)
    __REV_HalfWord                           0x08001fdf   Thumb Code     0  cortexm3_macro.o(.text)
    __REV_Word                               0x08001fe3   Thumb Code     0  cortexm3_macro.o(.text)
    Reset_Handler                            0x08001fe9   Thumb Code     4  stm32f10x_vector.o(.text)
    __user_initial_stackheap                 0x08001fed   Thumb Code     0  stm32f10x_vector.o(.text)
    EXTI_DeInit                              0x0800200d   Thumb Code    32  stm32f10x_exti.o(.text)
    EXTI_Init                                0x0800202d   Thumb Code   186  stm32f10x_exti.o(.text)
    EXTI_StructInit                          0x080020e7   Thumb Code    16  stm32f10x_exti.o(.text)
    EXTI_GenerateSWInterrupt                 0x080020f7   Thumb Code    16  stm32f10x_exti.o(.text)
    EXTI_GetFlagStatus                       0x08002107   Thumb Code    22  stm32f10x_exti.o(.text)
    EXTI_ClearFlag                           0x0800211d   Thumb Code     8  stm32f10x_exti.o(.text)
    EXTI_GetITStatus                         0x08002125   Thumb Code    34  stm32f10x_exti.o(.text)
    EXTI_ClearITPendingBit                   0x08002147   Thumb Code     8  stm32f10x_exti.o(.text)
    FSMC_NORSRAMDeInit                       0x0800215d   Thumb Code    56  stm32f10x_fsmc.o(.text)
    FSMC_NANDDeInit                          0x08002195   Thumb Code    62  stm32f10x_fsmc.o(.text)
    FSMC_PCCARDDeInit                        0x080021d3   Thumb Code    36  stm32f10x_fsmc.o(.text)
    FSMC_NORSRAMInit                         0x080021f7   Thumb Code   232  stm32f10x_fsmc.o(.text)
    FSMC_NANDInit                            0x080022df   Thumb Code   136  stm32f10x_fsmc.o(.text)
    FSMC_PCCARDInit                          0x08002367   Thumb Code   130  stm32f10x_fsmc.o(.text)
    FSMC_NORSRAMStructInit                   0x080023e9   Thumb Code   114  stm32f10x_fsmc.o(.text)
    FSMC_NANDStructInit                      0x0800245b   Thumb Code    56  stm32f10x_fsmc.o(.text)
    FSMC_PCCARDStructInit                    0x08002493   Thumb Code    62  stm32f10x_fsmc.o(.text)
    FSMC_NORSRAMCmd                          0x080024d1   Thumb Code    46  stm32f10x_fsmc.o(.text)
    FSMC_NANDCmd                             0x080024ff   Thumb Code    86  stm32f10x_fsmc.o(.text)
    FSMC_PCCARDCmd                           0x08002555   Thumb Code    44  stm32f10x_fsmc.o(.text)
    FSMC_NANDECCCmd                          0x08002581   Thumb Code    90  stm32f10x_fsmc.o(.text)
    FSMC_GetECC                              0x080025db   Thumb Code    24  stm32f10x_fsmc.o(.text)
    FSMC_ITConfig                            0x080025f3   Thumb Code   128  stm32f10x_fsmc.o(.text)
    FSMC_GetFlagStatus                       0x08002673   Thumb Code    52  stm32f10x_fsmc.o(.text)
    FSMC_ClearFlag                           0x080026a7   Thumb Code    62  stm32f10x_fsmc.o(.text)
    FSMC_GetITStatus                         0x080026e5   Thumb Code    64  stm32f10x_fsmc.o(.text)
    FSMC_ClearITPendingBit                   0x08002725   Thumb Code    68  stm32f10x_fsmc.o(.text)
    GPIO_DeInit                              0x08002771   Thumb Code   188  stm32f10x_gpio.o(.text)
    GPIO_AFIODeInit                          0x0800282d   Thumb Code    20  stm32f10x_gpio.o(.text)
    GPIO_Init                                0x08002841   Thumb Code   266  stm32f10x_gpio.o(.text)
    GPIO_StructInit                          0x0800294b   Thumb Code    16  stm32f10x_gpio.o(.text)
    GPIO_ReadInputDataBit                    0x0800295b   Thumb Code    18  stm32f10x_gpio.o(.text)
    GPIO_ReadInputData                       0x0800296d   Thumb Code     8  stm32f10x_gpio.o(.text)
    GPIO_ReadOutputDataBit                   0x08002975   Thumb Code    18  stm32f10x_gpio.o(.text)
    GPIO_ReadOutputData                      0x08002987   Thumb Code     8  stm32f10x_gpio.o(.text)
    GPIO_SetBits                             0x0800298f   Thumb Code     4  stm32f10x_gpio.o(.text)
    GPIO_ResetBits                           0x08002993   Thumb Code     4  stm32f10x_gpio.o(.text)
    GPIO_WriteBit                            0x08002997   Thumb Code    10  stm32f10x_gpio.o(.text)
    GPIO_Write                               0x080029a1   Thumb Code     4  stm32f10x_gpio.o(.text)
    GPIO_PinLockConfig                       0x080029a5   Thumb Code    18  stm32f10x_gpio.o(.text)
    GPIO_EventOutputConfig                   0x080029b7   Thumb Code    24  stm32f10x_gpio.o(.text)
    GPIO_EventOutputCmd                      0x080029cf   Thumb Code     6  stm32f10x_gpio.o(.text)
    GPIO_PinRemapConfig                      0x080029d5   Thumb Code   104  stm32f10x_gpio.o(.text)
    GPIO_EXTILineConfig                      0x08002a3d   Thumb Code    60  stm32f10x_gpio.o(.text)
    NVIC_DeInit                              0x08002a89   Thumb Code    54  stm32f10x_nvic.o(.text)
    NVIC_SCBDeInit                           0x08002abf   Thumb Code    92  stm32f10x_nvic.o(.text)
    NVIC_PriorityGroupConfig                 0x08002b1b   Thumb Code    12  stm32f10x_nvic.o(.text)
    NVIC_Init                                0x08002b27   Thumb Code   154  stm32f10x_nvic.o(.text)
    NVIC_StructInit                          0x08002bc1   Thumb Code    12  stm32f10x_nvic.o(.text)
    NVIC_SETPRIMASK                          0x08002bcd   Thumb Code     8  stm32f10x_nvic.o(.text)
    NVIC_RESETPRIMASK                        0x08002bd5   Thumb Code     8  stm32f10x_nvic.o(.text)
    NVIC_SETFAULTMASK                        0x08002bdd   Thumb Code     8  stm32f10x_nvic.o(.text)
    NVIC_RESETFAULTMASK                      0x08002be5   Thumb Code     8  stm32f10x_nvic.o(.text)
    NVIC_BASEPRICONFIG                       0x08002bed   Thumb Code    12  stm32f10x_nvic.o(.text)
    NVIC_GetBASEPRI                          0x08002bf9   Thumb Code     8  stm32f10x_nvic.o(.text)
    NVIC_GetCurrentPendingIRQChannel         0x08002c01   Thumb Code    10  stm32f10x_nvic.o(.text)
    NVIC_GetIRQChannelPendingBitStatus       0x08002c0b   Thumb Code    42  stm32f10x_nvic.o(.text)
    NVIC_SetIRQChannelPendingBit             0x08002c35   Thumb Code     6  stm32f10x_nvic.o(.text)
    NVIC_ClearIRQChannelPendingBit           0x08002c3b   Thumb Code    20  stm32f10x_nvic.o(.text)
    NVIC_GetCurrentActiveHandler             0x08002c4f   Thumb Code    10  stm32f10x_nvic.o(.text)
    NVIC_GetIRQChannelActiveBitStatus        0x08002c59   Thumb Code    42  stm32f10x_nvic.o(.text)
    NVIC_GetCPUID                            0x08002c83   Thumb Code     8  stm32f10x_nvic.o(.text)
    NVIC_SetVectorTable                      0x08002c8b   Thumb Code    14  stm32f10x_nvic.o(.text)
    NVIC_GenerateSystemReset                 0x08002c99   Thumb Code    12  stm32f10x_nvic.o(.text)
    NVIC_GenerateCoreReset                   0x08002ca5   Thumb Code    12  stm32f10x_nvic.o(.text)
    NVIC_SystemLPConfig                      0x08002cb1   Thumb Code    38  stm32f10x_nvic.o(.text)
    NVIC_SystemHandlerConfig                 0x08002cd7   Thumb Code    52  stm32f10x_nvic.o(.text)
    NVIC_SystemHandlerPriorityConfig         0x08002d0b   Thumb Code    98  stm32f10x_nvic.o(.text)
    NVIC_GetSystemHandlerPendingBitStatus    0x08002d6d   Thumb Code    44  stm32f10x_nvic.o(.text)
    NVIC_SetSystemHandlerPendingBit          0x08002d99   Thumb Code    26  stm32f10x_nvic.o(.text)
    NVIC_ClearSystemHandlerPendingBit        0x08002db3   Thumb Code    30  stm32f10x_nvic.o(.text)
    NVIC_GetSystemHandlerActiveBitStatus     0x08002dd1   Thumb Code    42  stm32f10x_nvic.o(.text)
    NVIC_GetFaultHandlerSources              0x08002dfb   Thumb Code    66  stm32f10x_nvic.o(.text)
    NVIC_GetFaultAddress                     0x08002e3d   Thumb Code    28  stm32f10x_nvic.o(.text)
    RCC_DeInit                               0x08002e75   Thumb Code    62  stm32f10x_rcc.o(.text)
    RCC_HSEConfig                            0x08002eb3   Thumb Code    70  stm32f10x_rcc.o(.text)
    RCC_GetFlagStatus                        0x08002ef9   Thumb Code    56  stm32f10x_rcc.o(.text)
    RCC_WaitForHSEStartUp                    0x08002f31   Thumb Code    62  stm32f10x_rcc.o(.text)
    RCC_AdjustHSICalibrationValue            0x08002f6f   Thumb Code    18  stm32f10x_rcc.o(.text)
    RCC_HSICmd                               0x08002f81   Thumb Code     6  stm32f10x_rcc.o(.text)
    RCC_PLLConfig                            0x08002f87   Thumb Code    22  stm32f10x_rcc.o(.text)
    RCC_PLLCmd                               0x08002f9d   Thumb Code     6  stm32f10x_rcc.o(.text)
    RCC_SYSCLKConfig                         0x08002fa3   Thumb Code    16  stm32f10x_rcc.o(.text)
    RCC_GetSYSCLKSource                      0x08002fb3   Thumb Code    10  stm32f10x_rcc.o(.text)
    RCC_HCLKConfig                           0x08002fbd   Thumb Code    16  stm32f10x_rcc.o(.text)
    RCC_PCLK1Config                          0x08002fcd   Thumb Code    16  stm32f10x_rcc.o(.text)
    RCC_PCLK2Config                          0x08002fdd   Thumb Code    18  stm32f10x_rcc.o(.text)
    RCC_ITConfig                             0x08002fef   Thumb Code    30  stm32f10x_rcc.o(.text)
    RCC_USBCLKConfig                         0x0800300d   Thumb Code     8  stm32f10x_rcc.o(.text)
    RCC_ADCCLKConfig                         0x08003015   Thumb Code    16  stm32f10x_rcc.o(.text)
    RCC_LSEConfig                            0x08003025   Thumb Code    50  stm32f10x_rcc.o(.text)
    RCC_LSICmd                               0x08003057   Thumb Code     6  stm32f10x_rcc.o(.text)
    RCC_RTCCLKConfig                         0x0800305d   Thumb Code    12  stm32f10x_rcc.o(.text)
    RCC_RTCCLKCmd                            0x08003069   Thumb Code     8  stm32f10x_rcc.o(.text)
    RCC_GetClocksFreq                        0x08003071   Thumb Code   194  stm32f10x_rcc.o(.text)
    RCC_AHBPeriphClockCmd                    0x08003133   Thumb Code    26  stm32f10x_rcc.o(.text)
    RCC_APB2PeriphClockCmd                   0x0800314d   Thumb Code    26  stm32f10x_rcc.o(.text)
    RCC_APB1PeriphClockCmd                   0x08003167   Thumb Code    26  stm32f10x_rcc.o(.text)
    RCC_APB2PeriphResetCmd                   0x08003181   Thumb Code    26  stm32f10x_rcc.o(.text)
    RCC_APB1PeriphResetCmd                   0x0800319b   Thumb Code    26  stm32f10x_rcc.o(.text)
    RCC_BackupResetCmd                       0x080031b5   Thumb Code     8  stm32f10x_rcc.o(.text)
    RCC_ClockSecuritySystemCmd               0x080031bd   Thumb Code     6  stm32f10x_rcc.o(.text)
    RCC_MCOConfig                            0x080031c3   Thumb Code     6  stm32f10x_rcc.o(.text)
    RCC_ClearFlag                            0x080031c9   Thumb Code    14  stm32f10x_rcc.o(.text)
    RCC_GetITStatus                          0x080031d7   Thumb Code    20  stm32f10x_rcc.o(.text)
    RCC_ClearITPendingBit                    0x080031eb   Thumb Code     6  stm32f10x_rcc.o(.text)
    SPI_I2S_DeInit                           0x08003215   Thumb Code    88  stm32f10x_spi.o(.text)
    SPI_Init                                 0x0800326d   Thumb Code    60  stm32f10x_spi.o(.text)
    I2S_Init                                 0x080032a9   Thumb Code   200  stm32f10x_spi.o(.text)
    SPI_StructInit                           0x08003371   Thumb Code    24  stm32f10x_spi.o(.text)
    I2S_StructInit                           0x08003389   Thumb Code    20  stm32f10x_spi.o(.text)
    SPI_Cmd                                  0x0800339d   Thumb Code    24  stm32f10x_spi.o(.text)
    I2S_Cmd                                  0x080033b5   Thumb Code    24  stm32f10x_spi.o(.text)
    SPI_I2S_ITConfig                         0x080033cd   Thumb Code    36  stm32f10x_spi.o(.text)
    SPI_I2S_DMACmd                           0x080033f1   Thumb Code    24  stm32f10x_spi.o(.text)
    SPI_I2S_SendData                         0x08003409   Thumb Code     4  stm32f10x_spi.o(.text)
    SPI_I2S_ReceiveData                      0x0800340d   Thumb Code     6  stm32f10x_spi.o(.text)
    SPI_NSSInternalSoftwareConfig            0x08003413   Thumb Code    30  stm32f10x_spi.o(.text)
    SPI_SSOutputCmd                          0x08003431   Thumb Code    24  stm32f10x_spi.o(.text)
    SPI_DataSizeConfig                       0x08003449   Thumb Code    18  stm32f10x_spi.o(.text)
    SPI_TransmitCRC                          0x0800345b   Thumb Code    10  stm32f10x_spi.o(.text)
    SPI_CalculateCRC                         0x08003465   Thumb Code    24  stm32f10x_spi.o(.text)
    SPI_GetCRC                               0x0800347d   Thumb Code    16  stm32f10x_spi.o(.text)
    SPI_GetCRCPolynomial                     0x0800348d   Thumb Code     6  stm32f10x_spi.o(.text)
    SPI_BiDirectionalLineConfig              0x08003493   Thumb Code    28  stm32f10x_spi.o(.text)
    SPI_I2S_GetFlagStatus                    0x080034af   Thumb Code    18  stm32f10x_spi.o(.text)
    SPI_I2S_ClearFlag                        0x080034c1   Thumb Code    34  stm32f10x_spi.o(.text)
    SPI_I2S_GetITStatus                      0x080034e3   Thumb Code    52  stm32f10x_spi.o(.text)
    SPI_I2S_ClearITPendingBit                0x08003517   Thumb Code    48  stm32f10x_spi.o(.text)
    TIM_DeInit                               0x0800354d   Thumb Code   214  stm32f10x_tim.o(.text)
    TIM_TimeBaseInit                         0x08003623   Thumb Code    50  stm32f10x_tim.o(.text)
    TIM_OC1Init                              0x08003655   Thumb Code   110  stm32f10x_tim.o(.text)
    TIM_OC2Init                              0x080036c3   Thumb Code   140  stm32f10x_tim.o(.text)
    TIM_OC3Init                              0x0800374f   Thumb Code   136  stm32f10x_tim.o(.text)
    TIM_OC4Init                              0x080037d7   Thumb Code    98  stm32f10x_tim.o(.text)
    TIM_SetIC4Prescaler                      0x08003839   Thumb Code    22  stm32f10x_tim.o(.text)
    TIM_SetIC3Prescaler                      0x08003891   Thumb Code    18  stm32f10x_tim.o(.text)
    TIM_SetIC2Prescaler                      0x080038df   Thumb Code    22  stm32f10x_tim.o(.text)
    TIM_SetIC1Prescaler                      0x08003945   Thumb Code    18  stm32f10x_tim.o(.text)
    TIM_ICInit                               0x08003989   Thumb Code   110  stm32f10x_tim.o(.text)
    TIM_PWMIConfig                           0x080039f7   Thumb Code   124  stm32f10x_tim.o(.text)
    TIM_BDTRConfig                           0x08003a73   Thumb Code    32  stm32f10x_tim.o(.text)
    TIM_TimeBaseStructInit                   0x08003a93   Thumb Code    18  stm32f10x_tim.o(.text)
    TIM_OCStructInit                         0x08003aa5   Thumb Code    20  stm32f10x_tim.o(.text)
    TIM_ICStructInit                         0x08003ab9   Thumb Code    18  stm32f10x_tim.o(.text)
    TIM_BDTRStructInit                       0x08003acb   Thumb Code    18  stm32f10x_tim.o(.text)
    TIM_Cmd                                  0x08003add   Thumb Code    24  stm32f10x_tim.o(.text)
    TIM_CtrlPWMOutputs                       0x08003af5   Thumb Code    30  stm32f10x_tim.o(.text)
    TIM_ITConfig                             0x08003b13   Thumb Code    24  stm32f10x_tim.o(.text)
    TIM_GenerateEvent                        0x08003b2b   Thumb Code     4  stm32f10x_tim.o(.text)
    TIM_DMAConfig                            0x08003b2f   Thumb Code    10  stm32f10x_tim.o(.text)
    TIM_DMACmd                               0x08003b39   Thumb Code    24  stm32f10x_tim.o(.text)
    TIM_InternalClockConfig                  0x08003b51   Thumb Code    12  stm32f10x_tim.o(.text)
    TIM_SelectInputTrigger                   0x08003b5d   Thumb Code    16  stm32f10x_tim.o(.text)
    TIM_ITRxExternalClockConfig              0x08003b6d   Thumb Code    24  stm32f10x_tim.o(.text)
    TIM_TIxExternalClockConfig               0x08003b85   Thumb Code    62  stm32f10x_tim.o(.text)
    TIM_ETRConfig                            0x08003bc3   Thumb Code    24  stm32f10x_tim.o(.text)
    TIM_ETRClockMode1Config                  0x08003bdb   Thumb Code    54  stm32f10x_tim.o(.text)
    TIM_ETRClockMode2Config                  0x08003c11   Thumb Code    32  stm32f10x_tim.o(.text)
    TIM_PrescalerConfig                      0x08003c31   Thumb Code     6  stm32f10x_tim.o(.text)
    TIM_CounterModeConfig                    0x08003c37   Thumb Code    16  stm32f10x_tim.o(.text)
    TIM_EncoderInterfaceConfig               0x08003c47   Thumb Code    56  stm32f10x_tim.o(.text)
    TIM_ForcedOC1Config                      0x08003c7f   Thumb Code    16  stm32f10x_tim.o(.text)
    TIM_ForcedOC2Config                      0x08003c8f   Thumb Code    20  stm32f10x_tim.o(.text)
    TIM_ForcedOC3Config                      0x08003ca3   Thumb Code    16  stm32f10x_tim.o(.text)
    TIM_ForcedOC4Config                      0x08003cb3   Thumb Code    20  stm32f10x_tim.o(.text)
    TIM_ARRPreloadConfig                     0x08003cc7   Thumb Code    24  stm32f10x_tim.o(.text)
    TIM_SelectCOM                            0x08003cdf   Thumb Code    24  stm32f10x_tim.o(.text)
    TIM_SelectCCDMA                          0x08003cf7   Thumb Code    24  stm32f10x_tim.o(.text)
    TIM_CCPreloadControl                     0x08003d0f   Thumb Code    24  stm32f10x_tim.o(.text)
    TIM_OC1PreloadConfig                     0x08003d27   Thumb Code    16  stm32f10x_tim.o(.text)
    TIM_OC2PreloadConfig                     0x08003d37   Thumb Code    20  stm32f10x_tim.o(.text)
    TIM_OC3PreloadConfig                     0x08003d4b   Thumb Code    16  stm32f10x_tim.o(.text)
    TIM_OC4PreloadConfig                     0x08003d5b   Thumb Code    20  stm32f10x_tim.o(.text)
    TIM_OC1FastConfig                        0x08003d6f   Thumb Code    16  stm32f10x_tim.o(.text)
    TIM_OC2FastConfig                        0x08003d7f   Thumb Code    20  stm32f10x_tim.o(.text)
    TIM_OC3FastConfig                        0x08003d93   Thumb Code    16  stm32f10x_tim.o(.text)
    TIM_OC4FastConfig                        0x08003da3   Thumb Code    20  stm32f10x_tim.o(.text)
    TIM_ClearOC1Ref                          0x08003db7   Thumb Code    16  stm32f10x_tim.o(.text)
    TIM_ClearOC2Ref                          0x08003dc7   Thumb Code    18  stm32f10x_tim.o(.text)
    TIM_ClearOC3Ref                          0x08003dd9   Thumb Code    16  stm32f10x_tim.o(.text)
    TIM_ClearOC4Ref                          0x08003de9   Thumb Code    18  stm32f10x_tim.o(.text)
    TIM_OC1PolarityConfig                    0x08003dfb   Thumb Code    16  stm32f10x_tim.o(.text)
    TIM_OC1NPolarityConfig                   0x08003e0b   Thumb Code    16  stm32f10x_tim.o(.text)
    TIM_OC2PolarityConfig                    0x08003e1b   Thumb Code    20  stm32f10x_tim.o(.text)
    TIM_OC2NPolarityConfig                   0x08003e2f   Thumb Code    20  stm32f10x_tim.o(.text)
    TIM_OC3PolarityConfig                    0x08003e43   Thumb Code    20  stm32f10x_tim.o(.text)
    TIM_OC3NPolarityConfig                   0x08003e57   Thumb Code    20  stm32f10x_tim.o(.text)
    TIM_OC4PolarityConfig                    0x08003e6b   Thumb Code    20  stm32f10x_tim.o(.text)
    TIM_CCxCmd                               0x08003e7f   Thumb Code    30  stm32f10x_tim.o(.text)
    TIM_CCxNCmd                              0x08003e9d   Thumb Code    30  stm32f10x_tim.o(.text)
    TIM_SelectOCxM                           0x08003ebb   Thumb Code   114  stm32f10x_tim.o(.text)
    TIM_UpdateDisableConfig                  0x08003f2d   Thumb Code    24  stm32f10x_tim.o(.text)
    TIM_UpdateRequestConfig                  0x08003f45   Thumb Code    24  stm32f10x_tim.o(.text)
    TIM_SelectHallSensor                     0x08003f5d   Thumb Code    24  stm32f10x_tim.o(.text)
    TIM_SelectOnePulseMode                   0x08003f75   Thumb Code    18  stm32f10x_tim.o(.text)
    TIM_SelectOutputTrigger                  0x08003f87   Thumb Code    18  stm32f10x_tim.o(.text)
    TIM_SelectSlaveMode                      0x08003f99   Thumb Code    18  stm32f10x_tim.o(.text)
    TIM_SelectMasterSlaveMode                0x08003fab   Thumb Code    18  stm32f10x_tim.o(.text)
    TIM_SetCounter                           0x08003fbd   Thumb Code     4  stm32f10x_tim.o(.text)
    TIM_SetAutoreload                        0x08003fc1   Thumb Code     4  stm32f10x_tim.o(.text)
    TIM_SetCompare1                          0x08003fc5   Thumb Code     4  stm32f10x_tim.o(.text)
    TIM_SetCompare2                          0x08003fc9   Thumb Code     4  stm32f10x_tim.o(.text)
    TIM_SetCompare3                          0x08003fcd   Thumb Code     4  stm32f10x_tim.o(.text)
    TIM_SetCompare4                          0x08003fd1   Thumb Code     6  stm32f10x_tim.o(.text)
    TIM_SetClockDivision                     0x08003fd7   Thumb Code    14  stm32f10x_tim.o(.text)
    TIM_GetCapture1                          0x08003fe5   Thumb Code     6  stm32f10x_tim.o(.text)
    TIM_GetCapture2                          0x08003feb   Thumb Code     6  stm32f10x_tim.o(.text)
    TIM_GetCapture3                          0x08003ff1   Thumb Code     6  stm32f10x_tim.o(.text)
    TIM_GetCapture4                          0x08003ff7   Thumb Code     8  stm32f10x_tim.o(.text)
    TIM_GetCounter                           0x08003fff   Thumb Code     6  stm32f10x_tim.o(.text)
    TIM_GetPrescaler                         0x08004005   Thumb Code     6  stm32f10x_tim.o(.text)
    TIM_GetFlagStatus                        0x0800400b   Thumb Code    18  stm32f10x_tim.o(.text)
    TIM_ClearFlag                            0x0800401d   Thumb Code     6  stm32f10x_tim.o(.text)
    TIM_GetITStatus                          0x08004023   Thumb Code    34  stm32f10x_tim.o(.text)
    TIM_ClearITPendingBit                    0x08004045   Thumb Code     6  stm32f10x_tim.o(.text)
    __use_two_region_memory                  0x0800404b   Thumb Code     2  heapauxi.o(.text)
    __rt_heap_escrow$2region                 0x0800404d   Thumb Code     2  heapauxi.o(.text)
    __rt_heap_expand$2region                 0x0800404f   Thumb Code     2  heapauxi.o(.text)
    __read_errno                             0x08004051   Thumb Code    10  _rserrno.o(.text)
    __set_errno                              0x0800405b   Thumb Code    12  _rserrno.o(.text)
    __aeabi_errno_addr                       0x08004069   Thumb Code    12  rt_errno_addr_intlibspace.o(.text)
    __errno$intlibspace                      0x08004069   Thumb Code     0  rt_errno_addr_intlibspace.o(.text)
    __rt_errno_addr$intlibspace              0x08004069   Thumb Code     0  rt_errno_addr_intlibspace.o(.text)
    __user_libspace                          0x08004075   Thumb Code     8  libspace.o(.text)
    __user_perproc_libspace                  0x08004075   Thumb Code     0  libspace.o(.text)
    __user_perthread_libspace                0x08004075   Thumb Code     0  libspace.o(.text)
    __user_setup_stackheap                   0x0800407d   Thumb Code    74  sys_stackheap_outer.o(.text)
    exit                                     0x080040c7   Thumb Code    12  exit.o(.text)
    _sys_exit                                0x080040d5   Thumb Code    16  sys_exit.o(.text)
    __I$use$semihosting                      0x080040e9   Thumb Code     0  use_no_semi.o(.text)
    __use_no_semihosting_swi                 0x080040e9   Thumb Code     2  use_no_semi.o(.text)
    sqrt                                     0x080040ed   Thumb Code    62  sqrt.o(i.sqrt)
    __fpl_dcheck_NaN2                        0x08004141   Thumb Code    10  dcheck.o(x$fpl$dcheck)
    __fpl_dcheck_NaN1                        0x08004151   Thumb Code    10  dcheck1.o(x$fpl$dcheck1)
    __fpl_dcmp_InfNaN                        0x08004161   Thumb Code   120  dcmpin.o(x$fpl$dcmpinfnan)
    __fpl_inf_dcmp                           0x08004183   Thumb Code     0  dcmpin.o(x$fpl$dcmpinfnan)
    __fpl_fcmp_InfNaN                        0x080041d9   Thumb Code    88  fcmpin.o(x$fpl$dcmpinfnan)
    __fpl_inf_fcmp                           0x080041ed   Thumb Code     0  fcmpin.o(x$fpl$dcmpinfnan)
    __aeabi_d2uiz                            0x08004231   Thumb Code     0  dfixu.o(x$fpl$dfixu)
    _dfixu                                   0x08004231   Thumb Code   110  dfixu.o(x$fpl$dfixu)
    __fpl_inf_dfixu                          0x08004299   Thumb Code     0  dfixu.o(x$fpl$dfixu)
    __aeabi_i2d                              0x080042a5   Thumb Code     0  dflt_clz.o(x$fpl$dflt)
    _dflt                                    0x080042a5   Thumb Code    44  dflt_clz.o(x$fpl$dflt)
    __dflt_normalise                         0x080042b3   Thumb Code     0  dflt_clz.o(x$fpl$dflt)
    __aeabi_ui2d                             0x080042d1   Thumb Code     0  dflt_clz.o(x$fpl$dfltu)
    _dfltu                                   0x080042d1   Thumb Code    10  dflt_clz.o(x$fpl$dfltu)
    __aeabi_cdcmple                          0x080042dd   Thumb Code     0  dleqf.o(x$fpl$dleqf)
    _dcmple                                  0x080042dd   Thumb Code   106  dleqf.o(x$fpl$dleqf)
    __aeabi_cdrcmple                         0x0800434d   Thumb Code     0  drleqf.o(x$fpl$drleqf)
    _drcmple                                 0x0800434d   Thumb Code   130  drleqf.o(x$fpl$drleqf)
    _dsqrt                                   0x080043d5   Thumb Code   316  dsqrt.o(x$fpl$dsqrt)
    __fpl_inf_dsqrt                          0x080044fd   Thumb Code     0  dsqrt.o(x$fpl$dsqrt)
    __aeabi_f2d                              0x08004519   Thumb Code     0  f2d.o(x$fpl$f2d)
    _f2d                                     0x08004519   Thumb Code    76  f2d.o(x$fpl$f2d)
    __fpl_inf_f2d                            0x0800455d   Thumb Code     0  f2d.o(x$fpl$f2d)
    __aeabi_fadd                             0x08004569   Thumb Code     0  faddsub_clz.o(x$fpl$fadd)
    _fadd                                    0x08004569   Thumb Code   248  faddsub_clz.o(x$fpl$fadd)
    __fpl_inf_fadd                           0x08004643   Thumb Code     0  faddsub_clz.o(x$fpl$fadd)
    __fpl_fcheck_NaN2                        0x08004669   Thumb Code     6  fcheck.o(x$fpl$fcheck)
    __fpl_fcheck_NaN1                        0x08004675   Thumb Code     6  fcheck1.o(x$fpl$fcheck1)
    __aeabi_fdiv                             0x08004681   Thumb Code     0  fdiv.o(x$fpl$fdiv)
    _fdiv                                    0x08004681   Thumb Code   476  fdiv.o(x$fpl$fdiv)
    __fpl_inf_fdiv                           0x08004825   Thumb Code     0  fdiv.o(x$fpl$fdiv)
    __aeabi_cfcmpeq                          0x08004865   Thumb Code     0  feqf.o(x$fpl$feqf)
    _fcmpeq                                  0x08004865   Thumb Code    90  feqf.o(x$fpl$feqf)
    __aeabi_f2iz                             0x080048c5   Thumb Code     0  ffix.o(x$fpl$ffix)
    _ffix                                    0x080048c5   Thumb Code   108  ffix.o(x$fpl$ffix)
    __fpl_inf_ffix                           0x08004927   Thumb Code     0  ffix.o(x$fpl$ffix)
    __aeabi_f2uiz                            0x08004935   Thumb Code     0  ffixu.o(x$fpl$ffixu)
    _ffixu                                   0x08004935   Thumb Code    82  ffixu.o(x$fpl$ffixu)
    __fpl_inf_ffixu                          0x08004981   Thumb Code     0  ffixu.o(x$fpl$ffixu)
    __aeabi_i2f                              0x0800498d   Thumb Code     0  fflt_clz.o(x$fpl$fflt)
    _fflt                                    0x0800498d   Thumb Code    50  fflt_clz.o(x$fpl$fflt)
    __fflt_normalise                         0x08004999   Thumb Code     0  fflt_clz.o(x$fpl$fflt)
    __aeabi_ui2f                             0x080049bf   Thumb Code     0  fflt_clz.o(x$fpl$ffltu)
    _ffltu                                   0x080049bf   Thumb Code     8  fflt_clz.o(x$fpl$ffltu)
    __aeabi_fmul                             0x080049c9   Thumb Code     0  fmul.o(x$fpl$fmul)
    _fmul                                    0x080049c9   Thumb Code   258  fmul.o(x$fpl$fmul)
    __fpl_inf_fmul                           0x08004ab5   Thumb Code     0  fmul.o(x$fpl$fmul)
    __fpl_normalise2                         0x08004ad1   Thumb Code    74  fnorm2_clz.o(x$fpl$fnorm2)
    __aeabi_frsub                            0x08004b1b   Thumb Code     0  faddsub_clz.o(x$fpl$frsb)
    _frsb                                    0x08004b1b   Thumb Code    20  faddsub_clz.o(x$fpl$frsb)
    __aeabi_fsub                             0x08004b31   Thumb Code     0  faddsub_clz.o(x$fpl$fsub)
    _fsub                                    0x08004b31   Thumb Code   282  faddsub_clz.o(x$fpl$fsub)
    __fpl_inf_fsub                           0x08004c2b   Thumb Code     0  faddsub_clz.o(x$fpl$fsub)
    __funder                                 0x08004c55   Thumb Code   132  funder.o(x$fpl$funder)
    __funder_d                               0x08004cd9   Thumb Code     2  funder.o(x$fpl$funder)
    __fpl_return_NaN                         0x08004cdb   Thumb Code   100  retnan.o(x$fpl$retnan)
    __fpl_cmpreturn                          0x08004d3f   Thumb Code    48  trapv.o(x$fpl$trapveneer)
    ASCII_Table                              0x08004d6e   Data        4560  lcd.o(.constdata)
    __I$use$fp                               0x08004d6f   Thumb Code     0  usenofp.o(x$fpl$usenofp)
    gImage_111                               0x08005f3e   Data       153600  lcd.o(.constdata)
    gImage_1                                 0x0802b73e   Data       153600  lcd.o(.constdata)
    gImage_2222                              0x08050f3e   Data       153600  lcd.o(.constdata)
    Region$$Table$$Base                      0x08076754   Number         0  anon$$obj.o(Region$$Table)
    Region$$Table$$Limit                     0x08076774   Number         0  anon$$obj.o(Region$$Table)
    num                                      0x2000000c   Data           4  lcd.o(.data)
    flag                                     0x20000010   Data           4  lcd.o(.data)
    GPIO_InitStructure                       0x2000001c   Data           4  main.o(.data)
    EXTI_InitStructure                       0x20000020   Data           8  main.o(.data)
    POINT_COLOR                              0x20000030   Data           2  touch.o(.data)
    BACK_COLOR                               0x20000032   Data           2  touch.o(.data)
    _it0                                     0x20000034   Data           1  touch.o(.data)
    _it1                                     0x20000035   Data           1  touch.o(.data)
    _it2                                     0x20000036   Data           1  touch.o(.data)
    _it3                                     0x20000037   Data           1  touch.o(.data)
    num1                                     0x20000038   Data           1  touch.o(.data)
    dw                                       0x20000039   Data           1  touch.o(.data)
    Xs                                       0x2000003c   Data           4  touch.o(.data)
    Xe                                       0x20000040   Data           4  touch.o(.data)
    Ys                                       0x20000044   Data           4  touch.o(.data)
    Ye                                       0x20000048   Data           4  touch.o(.data)
    X                                        0x2000004c   Data           4  touch.o(.data)
    Y                                        0x20000050   Data           4  touch.o(.data)
    count                                    0x20000054   Data           4  touch.o(.data)
    X2                                       0x20000058   Data           4  touch.o(.data)
    Y2                                       0x2000005c   Data           4  touch.o(.data)
    TIM_TimeBaseStructure                    0x20000068   Data          10  main.o(.bss)
    Pen_Point                                0x20000074   Data          32  touch.o(.bss)
    __libspace_start                         0x20000094   Data          96  libspace.o(.bss)
    __temporary_stack_top$libspace           0x200000f4   Data           0  libspace.o(.bss)



==============================================================================

Memory Map of the image

  Image Entry point : 0x08000131

  Load Region LR_IROM1 (Base: 0x08000000, Size: 0x000767dc, Max: 0x00080000, ABSOLUTE)

    Execution Region ER_IROM1 (Base: 0x08000000, Size: 0x00076774, Max: 0x00080000, ABSOLUTE)

    Base Addr    Size         Type   Attr      Idx    E Section Name        Object

    0x08000000   0x00000130   Data   RO          206    RESET               stm32f10x_vector.o
    0x08000130   0x00000008   Code   RO          503  * !!!main             __main.o(c_w.l)
    0x08000138   0x00000034   Code   RO          734    !!!scatter          __scatter.o(c_w.l)
    0x0800016c   0x0000001a   Code   RO          736    !!handler_copy      __scatter_copy.o(c_w.l)
    0x08000186   0x00000002   PAD
    0x08000188   0x0000001c   Code   RO          738    !!handler_zi        __scatter_zi.o(c_w.l)
    0x080001a4   0x00000006   Code   RO          612    .ARM.Collect$$libinit$$00000000  libinit.o(c_w.l)
    0x080001aa   0x00000000   Code   RO          617    .ARM.Collect$$libinit$$00000006  libinit2.o(c_w.l)
    0x080001aa   0x00000000   Code   RO          619    .ARM.Collect$$libinit$$00000008  libinit2.o(c_w.l)
    0x080001aa   0x00000000   Code   RO          621    .ARM.Collect$$libinit$$0000000A  libinit2.o(c_w.l)
    0x080001aa   0x00000000   Code   RO          624    .ARM.Collect$$libinit$$0000000D  libinit2.o(c_w.l)
    0x080001aa   0x00000000   Code   RO          626    .ARM.Collect$$libinit$$0000000F  libinit2.o(c_w.l)
    0x080001aa   0x00000000   Code   RO          628    .ARM.Collect$$libinit$$00000011  libinit2.o(c_w.l)
    0x080001aa   0x00000000   Code   RO          630    .ARM.Collect$$libinit$$00000013  libinit2.o(c_w.l)
    0x080001aa   0x00000000   Code   RO          632    .ARM.Collect$$libinit$$00000015  libinit2.o(c_w.l)
    0x080001aa   0x00000000   Code   RO          634    .ARM.Collect$$libinit$$00000017  libinit2.o(c_w.l)
    0x080001aa   0x00000000   Code   RO          636    .ARM.Collect$$libinit$$00000019  libinit2.o(c_w.l)
    0x080001aa   0x00000000   Code   RO          638    .ARM.Collect$$libinit$$0000001B  libinit2.o(c_w.l)
    0x080001aa   0x00000000   Code   RO          640    .ARM.Collect$$libinit$$0000001D  libinit2.o(c_w.l)
    0x080001aa   0x00000000   Code   RO          642    .ARM.Collect$$libinit$$0000001F  libinit2.o(c_w.l)
    0x080001aa   0x00000000   Code   RO          644    .ARM.Collect$$libinit$$00000021  libinit2.o(c_w.l)
    0x080001aa   0x00000000   Code   RO          648    .ARM.Collect$$libinit$$00000028  libinit2.o(c_w.l)
    0x080001aa   0x00000000   Code   RO          650    .ARM.Collect$$libinit$$0000002A  libinit2.o(c_w.l)
    0x080001aa   0x00000000   Code   RO          652    .ARM.Collect$$libinit$$0000002C  libinit2.o(c_w.l)
    0x080001aa   0x00000000   Code   RO          654    .ARM.Collect$$libinit$$0000002E  libinit2.o(c_w.l)
    0x080001aa   0x00000002   Code   RO          655    .ARM.Collect$$libinit$$0000002F  libinit2.o(c_w.l)
    0x080001ac   0x00000002   Code   RO          676    .ARM.Collect$$libshutdown$$00000000  libshutdown.o(c_w.l)
    0x080001ae   0x00000000   Code   RO          689    .ARM.Collect$$libshutdown$$00000003  libshutdown2.o(c_w.l)
    0x080001ae   0x00000000   Code   RO          692    .ARM.Collect$$libshutdown$$00000006  libshutdown2.o(c_w.l)
    0x080001ae   0x00000000   Code   RO          695    .ARM.Collect$$libshutdown$$00000009  libshutdown2.o(c_w.l)
    0x080001ae   0x00000000   Code   RO          697    .ARM.Collect$$libshutdown$$0000000B  libshutdown2.o(c_w.l)
    0x080001ae   0x00000000   Code   RO          700    .ARM.Collect$$libshutdown$$0000000E  libshutdown2.o(c_w.l)
    0x080001ae   0x00000002   Code   RO          701    .ARM.Collect$$libshutdown$$0000000F  libshutdown2.o(c_w.l)
    0x080001b0   0x00000000   Code   RO          549    .ARM.Collect$$rtentry$$00000000  rtentry.o(c_w.l)
    0x080001b0   0x00000000   Code   RO          571    .ARM.Collect$$rtentry$$00000002  rtentry2.o(c_w.l)
    0x080001b0   0x00000006   Code   RO          586    .ARM.Collect$$rtentry$$00000004  rtentry4.o(c_w.l)
    0x080001b6   0x00000000   Code   RO          573    .ARM.Collect$$rtentry$$00000009  rtentry2.o(c_w.l)
    0x080001b6   0x00000004   Code   RO          574    .ARM.Collect$$rtentry$$0000000A  rtentry2.o(c_w.l)
    0x080001ba   0x00000000   Code   RO          576    .ARM.Collect$$rtentry$$0000000C  rtentry2.o(c_w.l)
    0x080001ba   0x00000008   Code   RO          577    .ARM.Collect$$rtentry$$0000000D  rtentry2.o(c_w.l)
    0x080001c2   0x00000000   Code   RO          613    .ARM.Collect$$rtexit$$00000000  rtexit.o(c_w.l)
    0x080001c2   0x00000000   Code   RO          659    .ARM.Collect$$rtexit$$00000002  rtexit2.o(c_w.l)
    0x080001c2   0x00000004   Code   RO          660    .ARM.Collect$$rtexit$$00000003  rtexit2.o(c_w.l)
    0x080001c6   0x00000004   Code   RO          661    .ARM.Collect$$rtexit$$00000004  rtexit2.o(c_w.l)
    0x080001ca   0x00000002   PAD
    0x080001cc   0x00000134   Code   RO            1    .text               stm32f10x_it.o
    0x08000300   0x00000dec   Code   RO          111    .text               lcd.o
    0x080010ec   0x00000298   Code   RO          145    .text               main.o
    0x08001384   0x00000b08   Code   RO          165    .text               touch.o
    0x08001e8c   0x000000e0   Code   RO          188    .text               spi_flash.o
    0x08001f6c   0x0000007a   Code   RO          200    .text               cortexm3_macro.o
    0x08001fe6   0x00000002   PAD
    0x08001fe8   0x00000024   Code   RO          207    .text               stm32f10x_vector.o
    0x0800200c   0x00000150   Code   RO          295    .text               stm32f10x_exti.o
    0x0800215c   0x00000614   Code   RO          319    .text               stm32f10x_fsmc.o
    0x08002770   0x00000318   Code   RO          331    .text               stm32f10x_gpio.o
    0x08002a88   0x000003ec   Code   RO          376    .text               stm32f10x_nvic.o
    0x08002e74   0x000003a0   Code   RO          400    .text               stm32f10x_rcc.o
    0x08003214   0x00000338   Code   RO          439    .text               stm32f10x_spi.o
    0x0800354c   0x00000afe   Code   RO          463    .text               stm32f10x_tim.o
    0x0800404a   0x00000006   Code   RO          501    .text               heapauxi.o(c_w.l)
    0x08004050   0x00000016   Code   RO          551    .text               _rserrno.o(c_w.l)
    0x08004066   0x00000002   PAD
    0x08004068   0x0000000c   Code   RO          591    .text               rt_errno_addr_intlibspace.o(c_w.l)
    0x08004074   0x00000008   Code   RO          599    .text               libspace.o(c_w.l)
    0x0800407c   0x0000004a   Code   RO          602    .text               sys_stackheap_outer.o(c_w.l)
    0x080040c6   0x0000000c   Code   RO          604    .text               exit.o(c_w.l)
    0x080040d2   0x00000002   PAD
    0x080040d4   0x00000014   Code   RO          668    .text               sys_exit.o(c_w.l)
    0x080040e8   0x00000002   Code   RO          679    .text               use_no_semi.o(c_w.l)
    0x080040ea   0x00000002   PAD
    0x080040ec   0x00000054   Code   RO          546    i.sqrt              sqrt.o(m_ws.l)
    0x08004140   0x00000010   Code   RO          593    x$fpl$dcheck        dcheck.o(fz_ws.l)
    0x08004150   0x00000010   Code   RO          553    x$fpl$dcheck1       dcheck1.o(fz_ws.l)
    0x08004160   0x00000078   Code   RO          555    x$fpl$dcmpinfnan    dcmpin.o(fz_ws.l)
    0x080041d8   0x00000058   Code   RO          563    x$fpl$dcmpinfnan    fcmpin.o(fz_ws.l)
    0x08004230   0x00000074   Code   RO          505    x$fpl$dfixu         dfixu.o(fz_ws.l)
    0x080042a4   0x0000002c   Code   RO          510    x$fpl$dflt          dflt_clz.o(fz_ws.l)
    0x080042d0   0x0000000a   Code   RO          509    x$fpl$dfltu         dflt_clz.o(fz_ws.l)
    0x080042da   0x00000002   PAD
    0x080042dc   0x00000070   Code   RO          513    x$fpl$dleqf         dleqf.o(fz_ws.l)
    0x0800434c   0x00000088   Code   RO          515    x$fpl$drleqf        drleqf.o(fz_ws.l)
    0x080043d4   0x00000144   Code   RO          557    x$fpl$dsqrt         dsqrt.o(fz_ws.l)
    0x08004518   0x00000050   Code   RO          517    x$fpl$f2d           f2d.o(fz_ws.l)
    0x08004568   0x00000100   Code   RO          519    x$fpl$fadd          faddsub_clz.o(fz_ws.l)
    0x08004668   0x0000000c   Code   RO          559    x$fpl$fcheck        fcheck.o(fz_ws.l)
    0x08004674   0x0000000c   Code   RO          561    x$fpl$fcheck1       fcheck1.o(fz_ws.l)
    0x08004680   0x000001e4   Code   RO          526    x$fpl$fdiv          fdiv.o(fz_ws.l)
    0x08004864   0x00000060   Code   RO          529    x$fpl$feqf          feqf.o(fz_ws.l)
    0x080048c4   0x00000070   Code   RO          531    x$fpl$ffix          ffix.o(fz_ws.l)
    0x08004934   0x00000058   Code   RO          535    x$fpl$ffixu         ffixu.o(fz_ws.l)
    0x0800498c   0x00000032   Code   RO          540    x$fpl$fflt          fflt_clz.o(fz_ws.l)
    0x080049be   0x00000008   Code   RO          539    x$fpl$ffltu         fflt_clz.o(fz_ws.l)
    0x080049c6   0x00000002   PAD
    0x080049c8   0x00000108   Code   RO          543    x$fpl$fmul          fmul.o(fz_ws.l)
    0x08004ad0   0x0000004a   Code   RO          565    x$fpl$fnorm2        fnorm2_clz.o(fz_ws.l)
    0x08004b1a   0x00000014   Code   RO          520    x$fpl$frsb          faddsub_clz.o(fz_ws.l)
    0x08004b2e   0x00000002   PAD
    0x08004b30   0x00000124   Code   RO          521    x$fpl$fsub          faddsub_clz.o(fz_ws.l)
    0x08004c54   0x00000086   Code   RO          567    x$fpl$funder        funder.o(fz_ws.l)
    0x08004cda   0x00000064   Code   RO          595    x$fpl$retnan        retnan.o(fz_ws.l)
    0x08004d3e   0x00000030   Code   RO          597    x$fpl$trapveneer    trapv.o(fz_ws.l)
    0x08004d6e   0x00000000   Code   RO          569    x$fpl$usenofp       usenofp.o(fz_ws.l)
    0x08004d6e   0x000719d0   Data   RO          112    .constdata          lcd.o
    0x0807673e   0x00000014   Data   RO          401    .constdata          stm32f10x_rcc.o
    0x08076752   0x00000002   PAD
    0x08076754   0x00000020   Data   RO          732    Region$$Table       anon$$obj.o


    Execution Region RW_IRAM1 (Base: 0x20000000, Size: 0x000008f8, Max: 0x00010000, ABSOLUTE)

    Base Addr    Size         Type   Attr      Idx    E Section Name        Object

    0x20000000   0x00000014   Data   RW          113    .data               lcd.o
    0x20000014   0x00000014   Data   RW          147    .data               main.o
    0x20000028   0x00000038   Data   RW          167    .data               touch.o
    0x20000060   0x00000005   Data   RW          402    .data               stm32f10x_rcc.o
    0x20000065   0x00000003   PAD
    0x20000068   0x0000000a   Zero   RW          146    .bss                main.o
    0x20000072   0x00000002   PAD
    0x20000074   0x00000020   Zero   RW          166    .bss                touch.o
    0x20000094   0x00000060   Zero   RW          600    .bss                libspace.o(c_w.l)
    0x200000f4   0x00000004   PAD
    0x200000f8   0x00000400   Zero   RW          205    HEAP                stm32f10x_vector.o
    0x200004f8   0x00000400   Zero   RW          204    STACK               stm32f10x_vector.o


==============================================================================

Image component sizes


      Code (inc. data)   RO Data    RW Data    ZI Data      Debug   Object Name

       122          0          0          0          0        312   cortexm3_macro.o
      3564        142     465360         20          0      11649   lcd.o
       664         28          0         20         10       2312   main.o
       224          8          0          0          0        999   spi_flash.o
       336         14          0          0          0       2075   stm32f10x_exti.o
      1556         16          0          0          0       5207   stm32f10x_fsmc.o
       792         16          0          0          0       5047   stm32f10x_gpio.o
       308         20          0          0          0      85136   stm32f10x_it.o
      1004         28          0          0          0       7068   stm32f10x_nvic.o
       928         36         20          5          0       8560   stm32f10x_rcc.o
       824          6          0          0          0       6306   stm32f10x_spi.o
      2814         16          0          0          0      23728   stm32f10x_tim.o
        36         22        304          0       2048        284   stm32f10x_vector.o
      2824        142          0         56         32       4466   touch.o

    ----------------------------------------------------------------------
     15998        494     465718        104       2092     163149   Object Totals
         0          0         32          0          0          0   (incl. Generated)
         2          0          2          3          2          3   (incl. Padding)

    ----------------------------------------------------------------------

      Code (inc. data)   RO Data    RW Data    ZI Data      Debug   Library Member Name

         8          0          0          0          0         68   __main.o
        52          8          0          0          0          0   __scatter.o
        26          0          0          0          0          0   __scatter_copy.o
        28          0          0          0          0          0   __scatter_zi.o
        22          0          0          0          0         96   _rserrno.o
        16          6          0          0          0         68   dcheck.o
        16          6          0          0          0         68   dcheck1.o
       120          0          0          0          0         84   dcmpin.o
       116          6          0          0          0         72   dfixu.o
        54          0          0          0          0        136   dflt_clz.o
       112          6          0          0          0         68   dleqf.o
       136          6          0          0          0         68   drleqf.o
       324          8          0          0          0        100   dsqrt.o
        12          0          0          0          0         68   exit.o
        80          4          0          0          0         68   f2d.o
       568         18          0          0          0        204   faddsub_clz.o
        12          6          0          0          0         68   fcheck.o
        12          6          0          0          0         68   fcheck1.o
        88          0          0          0          0         68   fcmpin.o
       484         76          0          0          0         76   fdiv.o
        96          6          0          0          0         68   feqf.o
       112          4          0          0          0         68   ffix.o
        88          6          0          0          0         68   ffixu.o
        58          0          0          0          0        136   fflt_clz.o
       264          6          0          0          0         68   fmul.o
        74          0          0          0          0         84   fnorm2_clz.o
       134          0          0          0          0         84   funder.o
         6          0          0          0          0        148   heapauxi.o
         6          0          0          0          0          0   libinit.o
         2          0          0          0          0          0   libinit2.o
         2          0          0          0          0          0   libshutdown.o
         2          0          0          0          0          0   libshutdown2.o
         8          4          0          0         96         68   libspace.o
       100          0          0          0          0         68   retnan.o
        12          6          0          0          0         68   rt_errno_addr_intlibspace.o
         0          0          0          0          0          0   rtentry.o
        12          0          0          0          0          0   rtentry2.o
         6          0          0          0          0          0   rtentry4.o
         0          0          0          0          0          0   rtexit.o
         8          0          0          0          0          0   rtexit2.o
        84         22          0          0          0         84   sqrt.o
        20         10          0          0          0         68   sys_exit.o
        74          0          0          0          0         80   sys_stackheap_outer.o
        48          0          0          0          0         68   trapv.o
         2          0          0          0          0         68   use_no_semi.o
         0          0          0          0          0          0   usenofp.o

    ----------------------------------------------------------------------
      3520        220          0          0        100       2744   Library Totals
        16          0          0          0          4          0   (incl. Padding)

    ----------------------------------------------------------------------

      Code (inc. data)   RO Data    RW Data    ZI Data      Debug   Library Name

       308         28          0          0         96        732   c_w.l
      3112        170          0          0          0       1928   fz_ws.l
        84         22          0          0          0         84   m_ws.l

    ----------------------------------------------------------------------
      3520        220          0          0        100       2744   Library Totals

    ----------------------------------------------------------------------

==============================================================================


      Code (inc. data)   RO Data    RW Data    ZI Data      Debug   

     19518        714     465718        104       2192     162596   Grand Totals
     19518        714     465718        104       2192     162596   ELF Image Totals
     19518        714     465718        104          0          0   ROM Totals

==============================================================================

    Total RO  Size (Code + RO Data)               485236 ( 473.86kB)
    Total RW  Size (RW Data + ZI Data)              2296 (   2.24kB)
    Total ROM Size (Code + RO Data + RW Data)     485340 ( 473.96kB)

==============================================================================

